Archive member included to satisfy reference by file (symbol)

c:/program files/microchip/xc32/v4.20/bin/bin/../../lib/gcc/pic32mx/8.3.1/../../../../pic32mx/lib\libmchp_peripheral_32MX440F256H.a(int_enable_interrupts_lib.o)
                              output\usb_device.o (INTEnableInterrupts)
c:/program files/microchip/xc32/v4.20/bin/bin/../../lib/gcc/pic32mx/8.3.1/../../../../pic32mx/lib\libmchp_peripheral_32MX440F256H.a(int_enable_mv_int_lib.o)
                              output\usb_device.o (INTEnableSystemMultiVectoredInt)
c:/program files/microchip/xc32/v4.20/bin/bin/../../lib/gcc/pic32mx/8.3.1/../../../../pic32mx/lib\libpic32.a(memcpy.o)
                              output\eep_manager.o (memcpy)
c:/program files/microchip/xc32/v4.20/bin/bin/../../lib/gcc/pic32mx/8.3.1/../../../../pic32mx/lib\libpic32.a(memset.o)
                              output\ringBuffer.o (memset)
c:/program files/microchip/xc32/v4.20/bin/bin/../../lib/gcc/pic32mx/8.3.1/../../../../pic32mx/lib\libpic32.a(strcpy.o)
                              output\app.o (strcpy)
c:/program files/microchip/xc32/v4.20/bin/bin/../../lib/gcc/pic32mx/8.3.1/../../../../pic32mx/lib\libpic32.a(strlen.o)
                              output\tokenize.o (strlen)
c:/program files/microchip/xc32/v4.20/bin/bin/../../lib/gcc/pic32mx/8.3.1/../../../../pic32mx/lib\libpic32.a(default-bootstrap-exception-handler.o)
                              C:\Users\kyrk\AppData\Local\Temp\ccmanaWZ.o (_bootstrap_exception_handler)
c:/program files/microchip/xc32/v4.20/bin/bin/../../lib/gcc/pic32mx/8.3.1/../../../../pic32mx/lib\libpic32.a(default-on-reset.o)
                              C:\Users\kyrk\AppData\Local\Temp\ccmanaWZ.o (_on_reset)
c:/program files/microchip/xc32/v4.20/bin/bin/../../lib/gcc/pic32mx/8.3.1/../../../../pic32mx/lib\libpic32.a(default-on-bootstrap.o)
                              C:\Users\kyrk\AppData\Local\Temp\ccmanaWZ.o (_on_bootstrap)
c:/program files/microchip/xc32/v4.20/bin/bin/../../lib/gcc/pic32mx/8.3.1/../../../../pic32mx/lib\libpic32.a(default-nmi-handler.o)
                              C:\Users\kyrk\AppData\Local\Temp\ccmanaWZ.o (_nmi_handler)
c:/program files/microchip/xc32/v4.20/bin/bin/../../lib/gcc/pic32mx/8.3.1/../../../../pic32mx/lib\libpic32.a(pic32_data_init_wrapper.o)
                              C:\Users\kyrk\AppData\Local\Temp\ccmanaWZ.o (__pic32_data_init)
c:/program files/microchip/xc32/v4.20/bin/bin/../../lib/gcc/pic32mx/8.3.1/../../../../pic32mx/lib\libpic32.a(pic32_data_init_0_1.o)
                              (__copy_needed)
c:/program files/microchip/xc32/v4.20/bin/bin/../../lib/gcc/pic32mx/8.3.1/../../../../pic32mx/lib\libpic32.a(general-exception.o)
                              C:\Users\kyrk\AppData\Local\Temp\ccmanaWZ.o (_general_exception_context)
c:/program files/microchip/xc32/v4.20/bin/bin/../../lib/gcc/pic32mx/8.3.1/../../../../pic32mx/lib\libpic32.a(vector1.o)
                              C:\Users\kyrk\AppData\Local\Temp\ccklxc8Y.o (__vector_dispatch_1)
c:/program files/microchip/xc32/v4.20/bin/bin/../../lib/gcc/pic32mx/8.3.1/../../../../pic32mx/lib\libpic32.a(vector2.o)
                              C:\Users\kyrk\AppData\Local\Temp\ccklxc8Y.o (__vector_dispatch_2)
c:/program files/microchip/xc32/v4.20/bin/bin/../../lib/gcc/pic32mx/8.3.1/../../../../pic32mx/lib\libpic32.a(vector3.o)
                              C:\Users\kyrk\AppData\Local\Temp\ccklxc8Y.o (__vector_dispatch_3)
c:/program files/microchip/xc32/v4.20/bin/bin/../../lib/gcc/pic32mx/8.3.1/../../../../pic32mx/lib\libpic32.a(vector5.o)
                              C:\Users\kyrk\AppData\Local\Temp\ccklxc8Y.o (__vector_dispatch_5)
c:/program files/microchip/xc32/v4.20/bin/bin/../../lib/gcc/pic32mx/8.3.1/../../../../pic32mx/lib\libpic32.a(vector6.o)
                              C:\Users\kyrk\AppData\Local\Temp\ccklxc8Y.o (__vector_dispatch_6)
c:/program files/microchip/xc32/v4.20/bin/bin/../../lib/gcc/pic32mx/8.3.1/../../../../pic32mx/lib\libpic32.a(vector7.o)
                              C:\Users\kyrk\AppData\Local\Temp\ccklxc8Y.o (__vector_dispatch_7)
c:/program files/microchip/xc32/v4.20/bin/bin/../../lib/gcc/pic32mx/8.3.1/../../../../pic32mx/lib\libpic32.a(vector9.o)
                              C:\Users\kyrk\AppData\Local\Temp\ccklxc8Y.o (__vector_dispatch_9)
c:/program files/microchip/xc32/v4.20/bin/bin/../../lib/gcc/pic32mx/8.3.1/../../../../pic32mx/lib\libpic32.a(vector10.o)
                              C:\Users\kyrk\AppData\Local\Temp\ccklxc8Y.o (__vector_dispatch_10)
c:/program files/microchip/xc32/v4.20/bin/bin/../../lib/gcc/pic32mx/8.3.1/../../../../pic32mx/lib\libpic32.a(vector11.o)
                              C:\Users\kyrk\AppData\Local\Temp\ccklxc8Y.o (__vector_dispatch_11)
c:/program files/microchip/xc32/v4.20/bin/bin/../../lib/gcc/pic32mx/8.3.1/../../../../pic32mx/lib\libpic32.a(vector13.o)
                              C:\Users\kyrk\AppData\Local\Temp\ccklxc8Y.o (__vector_dispatch_13)
[...]
Memory Configuration

Name             Origin             Length             Attributes
kseg0_program_mem 0x000000009d000000 0x0000000000040000 xr
kseg0_boot_mem   0x000000009fc00490 0x0000000000000000
exception_mem    0x000000009fc01000 0x0000000000001000
kseg1_boot_mem   0x00000000bfc00000 0x0000000000000490
debug_exec_mem   0x00000000bfc02000 0x0000000000000ff0
config3          0x00000000bfc02ff0 0x0000000000000004
config2          0x00000000bfc02ff4 0x0000000000000004
config1          0x00000000bfc02ff8 0x0000000000000004
config0          0x00000000bfc02ffc 0x0000000000000004
kseg1_shared_mem 0x00000000a0000000 0x0000000000001000 w !x
kseg1_data_mem   0x00000000a0001000 0x0000000000007000 w !x
sfrs             0x00000000bf800000 0x0000000000100000
configsfrs       0x00000000bfc02ff0 0x0000000000000010
*default*        0x0000000000000000 0xffffffffffffffff

Linker script and memory map

LOAD c:/program files/microchip/xc32/v4.20/bin/bin/../../lib/gcc/pic32mx/8.3.1/../../../../pic32mx/lib\debug-exception-return.o
LOAD output\tmr.o
LOAD output\mal.o
LOAD output\ringBuffer.o
LOAD output\sleep.o
LOAD output\eep_manager.o
LOAD output\usb.o
LOAD output\usb_descriptors.o
LOAD output\usb_device.o
LOAD output\usb_function_hid.o
LOAD output\exceptions.o
LOAD output\isr.o
LOAD output\vs1053.o
LOAD output\ff.o
LOAD output\mmc_multiplexer.o
LOAD output\fatfs.o
LOAD output\fatrtc.o
LOAD output\mp3.o
LOAD output\tokenize.o
LOAD output\bitstream.o
LOAD output\buffers.o
LOAD output\dct32.o
LOAD output\dequant.o
LOAD output\dqchan.o
LOAD output\huffman.o
LOAD output\hufftabs.o
LOAD output\imdct.o
LOAD output\mp3dec.o
LOAD output\mp3tabs.o
LOAD output\polyphase.o
LOAD output\scalfact.o
LOAD output\stproc.o
LOAD output\subband.o
LOAD output\trigtabs.o
LOAD output\main.o
LOAD output\io.o
LOAD output\c_eep_manager.o
LOAD output\app.o
LOAD output\ad.o
LOAD output\mmc_sdcard_microchip.o
LOAD output\SD-SPI.o
LOAD output\usb_function_msd.o
LOAD output\eep_manager_crc.o
LOAD output\bootloader_interface.o
LOAD output\eeprom.o
LOAD output\dee_page_helper.o
LOAD output\dee_page.o
LOAD output\dee.o
LOAD output\randomValue.o
LOAD output\noinitram.o
LOAD output\spi_sw.o
                0x0000000000000400                PROVIDE (_min_stack_size = 0x400)
LOAD c:/program files/microchip/xc32/v4.20/bin/bin/../../lib/gcc/pic32mx/8.3.1/../../../../pic32mx/lib/./proc/32MX440F256H\processor.o
START GROUP
LOAD c:/program files/microchip/xc32/v4.20/bin/bin/../../lib/gcc/pic32mx/8.3.1/../../../../pic32mx/lib\libmchp_peripheral.a
END GROUP
START GROUP
LOAD c:/program files/microchip/xc32/v4.20/bin/bin/../../lib/gcc/pic32mx/8.3.1/../../../../pic32mx/lib\libmchp_peripheral_32MX440F256H.a
END GROUP
                0x0000000000000001                PROVIDE (_vector_spacing = 0x1)
                0x000000009fc01000                _ebase_address = 0x9fc01000
                0x00000000bfc00000                _RESET_ADDR = 0xbfc00000
                0x00000000bfc00380                _BEV_EXCPT_ADDR = 0xbfc00380
                0x00000000bfc00480                _DBG_EXCPT_ADDR = 0xbfc00480
                0x00000000bfc02000                _DBG_CODE_ADDR = 0xbfc02000
                0x0000000000000ff0                _DBG_CODE_SIZE = 0xff0
                0x000000009fc01180                _GEN_EXCPT_ADDR = (_ebase_address + 0x180)

.config_BFC02FF0
 *(.config_BFC02FF0)

.config_BFC02FF4
 *(.config_BFC02FF4)

.config_BFC02FF8
 *(.config_BFC02FF8)

.config_BFC02FFC
 *(.config_BFC02FFC)
                [!provide]                        PROVIDE (_DBG_CODE_ADDR = 0xbfc02000)
                [!provide]                        PROVIDE (_DBG_CODE_SIZE = 0xff0)

.reset          0x00000000bfc00000      0x19c
 *(.reset)
 .reset         0x00000000bfc00000        0x8 C:\Users\kyrk\AppData\Local\Temp\ccmanaWZ.o
                0x00000000bfc00000                _reset
 *(.reset.startup)
 .reset.startup
                0x00000000bfc00008      0x194 C:\Users\kyrk\AppData\Local\Temp\ccmanaWZ.o
                0x00000000bfc00008                _startup

.bev_excpt      0x00000000bfc00380       0x10
 *(.bev_handler)
 .bev_handler   0x00000000bfc00380       0x10 C:\Users\kyrk\AppData\Local\Temp\ccmanaWZ.o

.dbg_excpt      0x00000000bfc00480        0x0
                0x00000000bfc00480                . = (. + DEFINED (_DEBUGGER)?0x8:0x0)

.dbg_code       0x00000000bfc02000        0x0
                0x00000000bfc02000                . = (. + DEFINED (_DEBUGGER)?_DBG_CODE_SIZE:0x0)

.app_excpt      0x000000009fc01180       0x10
 *(.gen_handler)
 .gen_handler   0x000000009fc01180       0x10 C:\Users\kyrk\AppData\Local\Temp\ccmanaWZ.o

.vector_0       0x000000009fc01200        0x8
 *(.vector_0)
 .vector_0      0x000000009fc01200        0x8 output\isr.o
                0x000000009fc01200                __vector_dispatch_0
                0x0000000000000001                ASSERT (((_vector_spacing == 0x0) || (SIZEOF (.vector_0) <= (_vector_spacing << 0x5))), function at exception vector 0 too large)

.vector_1       0x000000009fc01220        0x8
 *(.vector_1)
 .vector_1      0x000000009fc01220        0x8 c:/program files/microchip/xc32/v4.20/bin/bin/../../lib/gcc/pic32mx/8.3.1/../../../../pic32mx/lib\libpic32.a(vector1.o)
                0x000000009fc01220                __vector_dispatch_1
                0x0000000000000001                ASSERT (((_vector_spacing == 0x0) || (SIZEOF (.vector_1) <= (_vector_spacing << 0x5))), function at exception vector 1 too large)

.vector_2       0x000000009fc01240        0x8
 *(.vector_2)
 .vector_2      0x000000009fc01240        0x8 c:/program files/microchip/xc32/v4.20/bin/bin/../../lib/gcc/pic32mx/8.3.1/../../../../pic32mx/lib\libpic32.a(vector2.o)
                0x000000009fc01240                __vector_dispatch_2
                0x0000000000000001                ASSERT (((_vector_spacing == 0x0) || (SIZEOF (.vector_2) <= (_vector_spacing << 0x5))), function at exception vector 2 too large)

.vector_3       0x000000009fc01260        0x8
 *(.vector_3)
 .vector_3      0x000000009fc01260        0x8 c:/program files/microchip/xc32/v4.20/bin/bin/../../lib/gcc/pic32mx/8.3.1/../../../../pic32mx/lib\libpic32.a(vector3.o)
                0x000000009fc01260                __vector_dispatch_3
                0x0000000000000001                ASSERT (((_vector_spacing == 0x0) || (SIZEOF (.vector_3) <= (_vector_spacing << 0x5))), function at exception vector 3 too large)

.vector_4       0x000000009fc01280        0x8
 *(.vector_4)
 .vector_4      0x000000009fc01280        0x8 output\isr.o
                0x000000009fc01280                __vector_dispatch_4
                0x0000000000000001                ASSERT (((_vector_spacing == 0x0) || (SIZEOF (.vector_4) <= (_vector_spacing << 0x5))), function at exception vector 4 too large)

.vector_5       0x000000009fc012a0        0x8
 *(.vector_5)
 .vector_5      0x000000009fc012a0        0x8 c:/program files/microchip/xc32/v4.20/bin/bin/../../lib/gcc/pic32mx/8.3.1/../../../../pic32mx/lib\libpic32.a(vector5.o)
                0x000000009fc012a0                __vector_dispatch_5
                0x0000000000000001                ASSERT (((_vector_spacing == 0x0) || (SIZEOF (.vector_5) <= (_vector_spacing << 0x5))), function at exception vector 5 too large)

.vector_6       0x000000009fc012c0        0x8
 *(.vector_6)
 .vector_6      0x000000009fc012c0        0x8 c:/program files/microchip/xc32/v4.20/bin/bin/../../lib/gcc/pic32mx/8.3.1/../../../../pic32mx/lib\libpic32.a(vector6.o)
                0x000000009fc012c0                __vector_dispatch_6
                0x0000000000000001                ASSERT (((_vector_spacing == 0x0) || (SIZEOF (.vector_6) <= (_vector_spacing << 0x5))), function at exception vector 6 too large)

.vector_7       0x000000009fc012e0        0x8
 *(.vector_7)
 .vector_7      0x000000009fc012e0        0x8 c:/program files/microchip/xc32/v4.20/bin/bin/../../lib/gcc/pic32mx/8.3.1/../../../../pic32mx/lib\libpic32.a(vector7.o)
                0x000000009fc012e0                __vector_dispatch_7
                0x0000000000000001                ASSERT (((_vector_spacing == 0x0) || (SIZEOF (.vector_7) <= (_vector_spacing << 0x5))), function at exception vector 7 too large)

.vector_8       0x000000009fc01300        0x8
 *(.vector_8)
 .vector_8      0x000000009fc01300        0x8 output\isr.o
                0x000000009fc01300                __vector_dispatch_8
                0x0000000000000001                ASSERT (((_vector_spacing == 0x0) || (SIZEOF (.vector_8) <= (_vector_spacing << 0x5))), function at exception vector 8 too large)

.vector_9       0x000000009fc01320        0x8
 *(.vector_9)
 .vector_9      0x000000009fc01320        0x8 c:/program files/microchip/xc32/v4.20/bin/bin/../../lib/gcc/pic32mx/8.3.1/../../../../pic32mx/lib\libpic32.a(vector9.o)
                0x000000009fc01320                __vector_dispatch_9
                0x0000000000000001                ASSERT (((_vector_spacing == 0x0) || (SIZEOF (.vector_9) <= (_vector_spacing << 0x5))), function at exception vector 9 too large)

.vector_10      0x000000009fc01340        0x8
 *(.vector_10)
 .vector_10     0x000000009fc01340        0x8 c:/program files/microchip/xc32/v4.20/bin/bin/../../lib/gcc/pic32mx/8.3.1/../../../../pic32mx/lib\libpic32.a(vector10.o)
                0x000000009fc01340                __vector_dispatch_10
                0x0000000000000001                ASSERT (((_vector_spacing == 0x0) || (SIZEOF (.vector_10) <= (_vector_spacing << 0x5))), function at exception vector 10 too large)

.vector_11      0x000000009fc01360        0x8
 *(.vector_11)
 .vector_11     0x000000009fc01360        0x8 c:/program files/microchip/xc32/v4.20/bin/bin/../../lib/gcc/pic32mx/8.3.1/../../../../pic32mx/lib\libpic32.a(vector11.o)
                0x000000009fc01360                __vector_dispatch_11
                0x0000000000000001                ASSERT (((_vector_spacing == 0x0) || (SIZEOF (.vector_11) <= (_vector_spacing << 0x5))), function at exception vector 11 too large)

.vector_12      0x000000009fc01380        0x8
 *(.vector_12)
 .vector_12     0x000000009fc01380        0x8 output\isr.o
                0x000000009fc01380                __vector_dispatch_12
                0x0000000000000001                ASSERT (((_vector_spacing == 0x0) || (SIZEOF (.vector_12) <= (_vector_spacing << 0x5))), function at exception vector 12 too large)

.vector_13      0x000000009fc013a0        0x8
 *(.vector_13)
 .vector_13     0x000000009fc013a0        0x8 c:/program files/microchip/xc32/v4.20/bin/bin/../../lib/gcc/pic32mx/8.3.1/../../../../pic32mx/lib\libpic32.a(vector13.o)
                0x000000009fc013a0                __vector_dispatch_13
                0x0000000000000001                ASSERT (((_vector_spacing == 0x0) || (SIZEOF (.vector_13) <= (_vector_spacing << 0x5))), function at exception vector 13 too large)

.vector_14      0x000000009fc013c0        0x8
 *(.vector_14)
 .vector_14     0x000000009fc013c0        0x8 c:/program files/microchip/xc32/v4.20/bin/bin/../../lib/gcc/pic32mx/8.3.1/../../../../pic32mx/lib\libpic32.a(vector14.o)
                0x000000009fc013c0                __vector_dispatch_14
                0x0000000000000001                ASSERT (((_vector_spacing == 0x0) || (SIZEOF (.vector_14) <= (_vector_spacing << 0x5))), function at exception vector 14 too large)

.vector_15      0x000000009fc013e0        0x8
 *(.vector_15)
 .vector_15     0x000000009fc013e0        0x8 output\isr.o
                0x000000009fc013e0                __vector_dispatch_15
                0x0000000000000001                ASSERT (((_vector_spacing == 0x0) || (SIZEOF (.vector_15) <= (_vector_spacing << 0x5))), function at exception vector 15 too large)

.vector_16      0x000000009fc01400        0x8
 *(.vector_16)
 .vector_16     0x000000009fc01400        0x8 output\isr.o
                0x000000009fc01400                __vector_dispatch_16
                0x0000000000000001                ASSERT (((_vector_spacing == 0x0) || (SIZEOF (.vector_16) <= (_vector_spacing << 0x5))), function at exception vector 16 too large)

.vector_17      0x000000009fc01420        0x8
 *(.vector_17)
 .vector_17     0x000000009fc01420        0x8 c:/program files/microchip/xc32/v4.20/bin/bin/../../lib/gcc/pic32mx/8.3.1/../../../../pic32mx/lib\libpic32.a(vector17.o)
                0x000000009fc01420                __vector_dispatch_17
                0x0000000000000001                ASSERT (((_vector_spacing == 0x0) || (SIZEOF (.vector_17) <= (_vector_spacing << 0x5))), function at exception vector 17 too large)

.vector_18      0x000000009fc01440        0x8
 *(.vector_18)
 .vector_18     0x000000009fc01440        0x8 c:/program files/microchip/xc32/v4.20/bin/bin/../../lib/gcc/pic32mx/8.3.1/../../../../pic32mx/lib\libpic32.a(vector18.o)
                0x000000009fc01440                __vector_dispatch_18
                0x0000000000000001                ASSERT (((_vector_spacing == 0x0) || (SIZEOF (.vector_18) <= (_vector_spacing << 0x5))), function at exception vector 18 too large)

.vector_19      0x000000009fc01460        0x8
 *(.vector_19)
 .vector_19     0x000000009fc01460        0x8 output\isr.o
                0x000000009fc01460                __vector_dispatch_19
                0x0000000000000001                ASSERT (((_vector_spacing == 0x0) || (SIZEOF (.vector_19) <= (_vector_spacing << 0x5))), function at exception vector 19 too large)

.vector_20      0x000000009fc01480        0x8
 *(.vector_20)
 .vector_20     0x000000009fc01480        0x8 output\isr.o
                0x000000009fc01480                __vector_dispatch_20
                0x0000000000000001                ASSERT (((_vector_spacing == 0x0) || (SIZEOF (.vector_20) <= (_vector_spacing << 0x5))), function at exception vector 20 too large)

.vector_21      0x000000009fc014a0        0x8
 *(.vector_21)
 .vector_21     0x000000009fc014a0        0x8 c:/program files/microchip/xc32/v4.20/bin/bin/../../lib/gcc/pic32mx/8.3.1/../../../../pic32mx/lib\libpic32.a(vector21.o)
                0x000000009fc014a0                __vector_dispatch_21
                0x0000000000000001                ASSERT (((_vector_spacing == 0x0) || (SIZEOF (.vector_21) <= (_vector_spacing << 0x5))), function at exception vector 21 too large)

.vector_22      0x000000009fc014c0        0x8
 *(.vector_22)
 .vector_22     0x000000009fc014c0        0x8 c:/program files/microchip/xc32/v4.20/bin/bin/../../lib/gcc/pic32mx/8.3.1/../../../../pic32mx/lib\libpic32.a(vector22.o)
                0x000000009fc014c0                __vector_dispatch_22
                0x0000000000000001                ASSERT (((_vector_spacing == 0x0) || (SIZEOF (.vector_22) <= (_vector_spacing << 0x5))), function at exception vector 22 too large)

.vector_23      0x000000009fc014e0        0x8
 *(.vector_23)
 .vector_23     0x000000009fc014e0        0x8 c:/program files/microchip/xc32/v4.20/bin/bin/../../lib/gcc/pic32mx/8.3.1/../../../../pic32mx/lib\libpic32.a(vector23.o)
                0x000000009fc014e0                __vector_dispatch_23
                0x0000000000000001                ASSERT (((_vector_spacing == 0x0) || (SIZEOF (.vector_23) <= (_vector_spacing << 0x5))), function at exception vector 23 too large)

.vector_24      0x000000009fc01500        0x8
 *(.vector_24)
 .vector_24     0x000000009fc01500        0x8 output\isr.o
                0x000000009fc01500                __vector_dispatch_24
                0x0000000000000001                ASSERT (((_vector_spacing == 0x0) || (SIZEOF (.vector_24) <= (_vector_spacing << 0x5))), function at exception vector 24 too large)

.vector_25      0x000000009fc01520        0x8
 *(.vector_25)
 .vector_25     0x000000009fc01520        0x8 output\isr.o
                0x000000009fc01520                __vector_dispatch_25
                0x0000000000000001                ASSERT (((_vector_spacing == 0x0) || (SIZEOF (.vector_25) <= (_vector_spacing << 0x5))), function at exception vector 25 too large)

.vector_26      0x000000009fc01540        0x8
 *(.vector_26)
 .vector_26     0x000000009fc01540        0x8 output\isr.o
                0x000000009fc01540                __vector_dispatch_26
                0x0000000000000001                ASSERT (((_vector_spacing == 0x0) || (SIZEOF (.vector_26) <= (_vector_spacing << 0x5))), function at exception vector 26 too large)

.vector_27      0x000000009fc01560        0x8
 *(.vector_27)
 .vector_27     0x000000009fc01560        0x8 c:/program files/microchip/xc32/v4.20/bin/bin/../../lib/gcc/pic32mx/8.3.1/../../../../pic32mx/lib\libpic32.a(vector27.o)
                0x000000009fc01560                __vector_dispatch_27
                0x0000000000000001                ASSERT (((_vector_spacing == 0x0) || (SIZEOF (.vector_27) <= (_vector_spacing << 0x5))), function at exception vector 27 too large)

.vector_28      0x000000009fc01580        0x8
 *(.vector_28)
 .vector_28     0x000000009fc01580        0x8 c:/program files/microchip/xc32/v4.20/bin/bin/../../lib/gcc/pic32mx/8.3.1/../../../../pic32mx/lib\libpic32.a(vector28.o)
                0x000000009fc01580                __vector_dispatch_28
                0x0000000000000001                ASSERT (((_vector_spacing == 0x0) || (SIZEOF (.vector_28) <= (_vector_spacing << 0x5))), function at exception vector 28 too large)

.vector_29      0x000000009fc015a0        0x8
 *(.vector_29)
 .vector_29     0x000000009fc015a0        0x8 c:/program files/microchip/xc32/v4.20/bin/bin/../../lib/gcc/pic32mx/8.3.1/../../../../pic32mx/lib\libpic32.a(vector29.o)
                0x000000009fc015a0                __vector_dispatch_29
                0x0000000000000001                ASSERT (((_vector_spacing == 0x0) || (SIZEOF (.vector_29) <= (_vector_spacing << 0x5))), function at exception vector 29 too large)

.vector_30      0x000000009fc015c0        0x8
 *(.vector_30)
 .vector_30     0x000000009fc015c0        0x8 c:/program files/microchip/xc32/v4.20/bin/bin/../../lib/gcc/pic32mx/8.3.1/../../../../pic32mx/lib\libpic32.a(vector30.o)
                0x000000009fc015c0                __vector_dispatch_30
                0x0000000000000001                ASSERT (((_vector_spacing == 0x0) || (SIZEOF (.vector_30) <= (_vector_spacing << 0x5))), function at exception vector 30 too large)

.vector_31      0x000000009fc015e0        0x8
 *(.vector_31)
 .vector_31     0x000000009fc015e0        0x8 output\isr.o
                0x000000009fc015e0                __vector_dispatch_31
                0x0000000000000001                ASSERT (((_vector_spacing == 0x0) || (SIZEOF (.vector_31) <= (_vector_spacing << 0x5))), function at exception vector 31 too large)

.vector_32      0x000000009fc01600        0x8
 *(.vector_32)
 .vector_32     0x000000009fc01600        0x8 output\isr.o
                0x000000009fc01600                __vector_dispatch_32
                0x0000000000000001                ASSERT (((_vector_spacing == 0x0) || (SIZEOF (.vector_32) <= (_vector_spacing << 0x5))), function at exception vector 32 too large)

.vector_33      0x000000009fc01620        0x8
 *(.vector_33)
 .vector_33     0x000000009fc01620        0x8 output\isr.o
                0x000000009fc01620                __vector_dispatch_33
                0x0000000000000001                ASSERT (((_vector_spacing == 0x0) || (SIZEOF (.vector_33) <= (_vector_spacing << 0x5))), function at exception vector 33 too large)

.vector_34      0x000000009fc01640        0x8
 *(.vector_34)
 .vector_34     0x000000009fc01640        0x8 c:/program files/microchip/xc32/v4.20/bin/bin/../../lib/gcc/pic32mx/8.3.1/../../../../pic32mx/lib\libpic32.a(vector34.o)
                0x000000009fc01640                __vector_dispatch_34
                0x0000000000000001                ASSERT (((_vector_spacing == 0x0) || (SIZEOF (.vector_34) <= (_vector_spacing << 0x5))), function at exception vector 34 too large)

.vector_35      0x000000009fc01660        0x8
 *(.vector_35)
 .vector_35     0x000000009fc01660        0x8 c:/program files/microchip/xc32/v4.20/bin/bin/../../lib/gcc/pic32mx/8.3.1/../../../../pic32mx/lib\libpic32.a(vector35.o)
                0x000000009fc01660                __vector_dispatch_35
                0x0000000000000001                ASSERT (((_vector_spacing == 0x0) || (SIZEOF (.vector_35) <= (_vector_spacing << 0x5))), function at exception vector 35 too large)

.vector_36      0x000000009fc01680        0x8
 *(.vector_36)
 .vector_36     0x000000009fc01680        0x8 output\isr.o
                0x000000009fc01680                __vector_dispatch_36
                0x0000000000000001                ASSERT (((_vector_spacing == 0x0) || (SIZEOF (.vector_36) <= (_vector_spacing << 0x5))), function at exception vector 36 too large)

.vector_37      0x000000009fc016a0        0x8
 *(.vector_37)
 .vector_37     0x000000009fc016a0        0x8 output\isr.o
                0x000000009fc016a0                __vector_dispatch_37
                0x0000000000000001                ASSERT (((_vector_spacing == 0x0) || (SIZEOF (.vector_37) <= (_vector_spacing << 0x5))), function at exception vector 37 too large)

.vector_38      0x000000009fc016c0        0x8
 *(.vector_38)
 .vector_38     0x000000009fc016c0        0x8 output\isr.o
                0x000000009fc016c0                __vector_dispatch_38
                0x0000000000000001                ASSERT (((_vector_spacing == 0x0) || (SIZEOF (.vector_38) <= (_vector_spacing << 0x5))), function at exception vector 38 too large)

.vector_39      0x000000009fc016e0        0x8
 *(.vector_39)
 .vector_39     0x000000009fc016e0        0x8 output\isr.o
                0x000000009fc016e0                __vector_dispatch_39
                0x0000000000000001                ASSERT (((_vector_spacing == 0x0) || (SIZEOF (.vector_39) <= (_vector_spacing << 0x5))), function at exception vector 39 too large)

.vector_40      0x000000009fc01700        0x8
 *(.vector_40)
 .vector_40     0x000000009fc01700        0x8 c:/program files/microchip/xc32/v4.20/bin/bin/../../lib/gcc/pic32mx/8.3.1/../../../../pic32mx/lib\libpic32.a(vector40.o)
                0x000000009fc01700                __vector_dispatch_40
                0x0000000000000001                ASSERT (((_vector_spacing == 0x0) || (SIZEOF (.vector_40) <= (_vector_spacing << 0x5))), function at exception vector 40 too large)

.vector_41      0x000000009fc01720        0x8
 *(.vector_41)
 .vector_41     0x000000009fc01720        0x8 c:/program files/microchip/xc32/v4.20/bin/bin/../../lib/gcc/pic32mx/8.3.1/../../../../pic32mx/lib\libpic32.a(vector41.o)
                0x000000009fc01720                __vector_dispatch_41
                0x0000000000000001                ASSERT (((_vector_spacing == 0x0) || (SIZEOF (.vector_41) <= (_vector_spacing << 0x5))), function at exception vector 41 too large)

.vector_42      0x000000009fc01740        0x8
 *(.vector_42)
 .vector_42     0x000000009fc01740        0x8 c:/program files/microchip/xc32/v4.20/bin/bin/../../lib/gcc/pic32mx/8.3.1/../../../../pic32mx/lib\libpic32.a(vector42.o)
                0x000000009fc01740                __vector_dispatch_42
                0x0000000000000001                ASSERT (((_vector_spacing == 0x0) || (SIZEOF (.vector_42) <= (_vector_spacing << 0x5))), function at exception vector 42 too large)

.vector_43      0x000000009fc01760        0x8
 *(.vector_43)
 .vector_43     0x000000009fc01760        0x8 c:/program files/microchip/xc32/v4.20/bin/bin/../../lib/gcc/pic32mx/8.3.1/../../../../pic32mx/lib\libpic32.a(vector43.o)
                0x000000009fc01760                __vector_dispatch_43
                0x0000000000000001                ASSERT (((_vector_spacing == 0x0) || (SIZEOF (.vector_43) <= (_vector_spacing << 0x5))), function at exception vector 43 too large)

.vector_44      0x000000009fc01780        0x8
 *(.vector_44)
 .vector_44     0x000000009fc01780        0x8 c:/program files/microchip/xc32/v4.20/bin/bin/../../lib/gcc/pic32mx/8.3.1/../../../../pic32mx/lib\libpic32.a(vector44.o)
                0x000000009fc01780                __vector_dispatch_44
                0x0000000000000001                ASSERT (((_vector_spacing == 0x0) || (SIZEOF (.vector_44) <= (_vector_spacing << 0x5))), function at exception vector 44 too large)

.vector_45      0x000000009fc017a0        0x8
 *(.vector_45)
 .vector_45     0x000000009fc017a0        0x8 output\isr.o
                0x000000009fc017a0                __vector_dispatch_45
                0x0000000000000001                ASSERT (((_vector_spacing == 0x0) || (SIZEOF (.vector_45) <= (_vector_spacing << 0x5))), function at exception vector 45 too large)

.vector_46      0x000000009fc017c0        0x0
 *(.vector_46)
                0x0000000000000001                ASSERT (((_vector_spacing == 0x0) || (SIZEOF (.vector_46) <= (_vector_spacing << 0x5))), function at exception vector 46 too large)

.vector_47      0x000000009fc017e0        0x0
 *(.vector_47)
                0x0000000000000001                ASSERT (((_vector_spacing == 0x0) || (SIZEOF (.vector_47) <= (_vector_spacing << 0x5))), function at exception vector 47 too large)

.vector_48      0x000000009fc01800        0x0
 *(.vector_48)
                0x0000000000000001                ASSERT (((_vector_spacing == 0x0) || (SIZEOF (.vector_48) <= (_vector_spacing << 0x5))), function at exception vector 48 too large)

.vector_49      0x000000009fc01820        0x0
 *(.vector_49)
                0x0000000000000001                ASSERT (((_vector_spacing == 0x0) || (SIZEOF (.vector_49) <= (_vector_spacing << 0x5))), function at exception vector 49 too large)

.vector_50      0x000000009fc01840        0x0
 *(.vector_50)
                0x0000000000000001                ASSERT (((_vector_spacing == 0x0) || (SIZEOF (.vector_50) <= (_vector_spacing << 0x5))), function at exception vector 50 too large)

.vector_51      0x000000009fc01860        0x0
 *(.vector_51)
                0x0000000000000001                ASSERT (((_vector_spacing == 0x0) || (SIZEOF (.vector_51) <= (_vector_spacing << 0x5))), function at exception vector 51 too large)

.vector_52      0x000000009fc01880        0x0
 *(.vector_52)
                0x0000000000000001                ASSERT (((_vector_spacing == 0x0) || (SIZEOF (.vector_52) <= (_vector_spacing << 0x5))), function at exception vector 52 too large)

.vector_53      0x000000009fc018a0        0x0
 *(.vector_53)
                0x0000000000000001                ASSERT (((_vector_spacing == 0x0) || (SIZEOF (.vector_53) <= (_vector_spacing << 0x5))), function at exception vector 53 too large)

.vector_54      0x000000009fc018c0        0x0
 *(.vector_54)
                0x0000000000000001                ASSERT (((_vector_spacing == 0x0) || (SIZEOF (.vector_54) <= (_vector_spacing << 0x5))), function at exception vector 54 too large)

.vector_55      0x000000009fc018e0        0x0
 *(.vector_55)
                0x0000000000000001                ASSERT (((_vector_spacing == 0x0) || (SIZEOF (.vector_55) <= (_vector_spacing << 0x5))), function at exception vector 55 too large)

.vector_56      0x000000009fc01900        0x0
 *(.vector_56)
                0x0000000000000001                ASSERT (((_vector_spacing == 0x0) || (SIZEOF (.vector_56) <= (_vector_spacing << 0x5))), function at exception vector 56 too large)

.vector_57      0x000000009fc01920        0x0
 *(.vector_57)
                0x0000000000000001                ASSERT (((_vector_spacing == 0x0) || (SIZEOF (.vector_57) <= (_vector_spacing << 0x5))), function at exception vector 57 too large)

.vector_58      0x000000009fc01940        0x0
 *(.vector_58)
                0x0000000000000001                ASSERT (((_vector_spacing == 0x0) || (SIZEOF (.vector_58) <= (_vector_spacing << 0x5))), function at exception vector 58 too large)

.vector_59      0x000000009fc01960        0x0
 *(.vector_59)
                0x0000000000000001                ASSERT (((_vector_spacing == 0x0) || (SIZEOF (.vector_59) <= (_vector_spacing << 0x5))), function at exception vector 59 too large)

.vector_60      0x000000009fc01980        0x0
 *(.vector_60)
                0x0000000000000001                ASSERT (((_vector_spacing == 0x0) || (SIZEOF (.vector_60) <= (_vector_spacing << 0x5))), function at exception vector 60 too large)

.vector_61      0x000000009fc019a0        0x0
 *(.vector_61)
                0x0000000000000001                ASSERT (((_vector_spacing == 0x0) || (SIZEOF (.vector_61) <= (_vector_spacing << 0x5))), function at exception vector 61 too large)

.vector_62      0x000000009fc019c0        0x0
 *(.vector_62)
                0x0000000000000001                ASSERT (((_vector_spacing == 0x0) || (SIZEOF (.vector_62) <= (_vector_spacing << 0x5))), function at exception vector 62 too large)

.vector_63      0x000000009fc019e0        0x0
 *(.vector_63)
                0x0000000000000001                ASSERT (((_vector_spacing == 0x0) || (SIZEOF (.vector_63) <= (_vector_spacing << 0x5))), function at exception vector 63 too large)

.startup
 *(.startup)

.text           0x000000009d000000        0x0
 *(.stub .gnu.linkonce.t.*)
 *(.text.*personality*)
 *(.mips16.fn.*)
 *(.mips16.call.*)
 *(.gnu.warning)
                0x000000009d000000                . = ALIGN (0x4)

.init           0x000000009d000000        0x0
 *crti.o(.init)
 *crtbegin.o(.init)
 *(EXCLUDE_FILE(*crtn.o *crtend?.o *crtend.o) .init)
 *crtend.o(.init)
 *crtn.o(.init)
                0x000000009d000000                . = ALIGN (0x4)

.fini           0x000000009d000000        0x0
 *(.fini)
                0x000000009d000000                . = ALIGN (0x4)

.preinit_array  0x000000009d000000        0x0
                [!provide]                        PROVIDE (__preinit_array_start = .)
 *(.preinit_array)
                [!provide]                        PROVIDE (__preinit_array_end = .)
                0x000000009d000000                . = ALIGN (0x4)

.init_array     0x000000009d000000        0x0
                [!provide]                        PROVIDE (__init_array_start = .)
 *(SORT_BY_NAME(.init_array.*))
 *(.init_array)
                [!provide]                        PROVIDE (__init_array_end = .)
                0x000000009d000000                . = ALIGN (0x4)

.fini_array     0x000000009d000000        0x0
                [!provide]                        PROVIDE (__fini_array_start = .)
 *(SORT_BY_NAME(.fini_array.*))
 *(.fini_array)
                [!provide]                        PROVIDE (__fini_array_end = .)
                0x000000009d000000                . = ALIGN (0x4)

.ctors          0x000000009d000000        0x0
 *crtbegin.o(.ctors)
 *crtbegin?.o(.ctors)
 *(EXCLUDE_FILE(*crtend?.o *crtend.o) .ctors)
 *(SORT_BY_NAME(.ctors.*))
 *(.ctors)
                0x000000009d000000                . = ALIGN (0x4)

.dtors          0x000000009d000000        0x0
 *crtbegin.o(.dtors)
 *crtbegin?.o(.dtors)
 *(EXCLUDE_FILE(*crtend?.o *crtend.o) .dtors)
 *(SORT_BY_NAME(.dtors.*))
 *(.dtors)
                0x000000009d000000                . = ALIGN (0x4)

.rodata         0x000000009d000000        0x0
 *(.gnu.linkonce.r.*)
 *(.rodata1)
                0x000000009d000000                . = ALIGN (0x4)

.sdata2         0x000000009d000000        0x0
 *(.sdata2 .sdata2.* .gnu.linkonce.s2.*)
                0x000000009d000000                . = ALIGN (0x4)

.sbss2          0x000000009d000000        0x0
 *(.sbss2 .sbss2.* .gnu.linkonce.sb2.*)
                0x000000009d000000                . = ALIGN (0x4)

.eh_frame_hdr
 *(.eh_frame_hdr)
                0x000000009d000000                . = ALIGN (0x4)

.eh_frame
 *(.eh_frame)
                0x000000009d000000                . = ALIGN (0x4)

.gcc_except_table
 *(.gcc_except_table .gcc_except_table.*)
                0x000000009d000000                . = ALIGN (0x4)

.dbg_data       0x00000000a0001000        0x0
                0x00000000a0001000                . = (. + DEFINED (_DEBUGGER)?0x200:0x0)

.jcr            0x00000000a0001000        0x0
 *(.jcr)
                0x00000000a0001000                . = ALIGN (0x4)

.eh_frame
 *(.eh_frame)
                0x00000000a0001000                . = ALIGN (0x4)

.gcc_except_table
 *(.gcc_except_table .gcc_except_table.*)
                0x00000000a0001000                . = ALIGN (0x4)

.persist        0x00000000a0001000        0x0
                0x00000000a0001000                _persist_begin = .
 *(.persist .persist.*)
 *(.pbss .pbss.*)
                0x00000000a0001000                . = ALIGN (0x4)
                0x00000000a0001000                _persist_end = .

.data           0x00000000a0001000        0x0
 *(.gnu.linkonce.d.*)
 *(.data1)
                0x00000000a0001000                . = ALIGN (0x4)
                0x00000000a0001000                . = .
                0x00000000a0008ff0                _gp = (ALIGN (0x10) + 0x7ff0)

.got            0x00000000a0001000        0x0
 *(.got.plt)
 *(.got)
                0x00000000a0001000                . = ALIGN (0x4)

.sdata          0x00000000a0001000       0x3c
                0x00000000a0001000                _sdata_begin = .
 *(.sdata .sdata.* .gnu.linkonce.s.*)
 .sdata         0x00000000a0001000        0x1 output\sleep.o
                0x00000000a0001000                sleepGetMainLoopRun_result
 *fill*         0x00000000a0001001        0x3 
 .sdata         0x00000000a0001004        0x4 output\eep_manager.o
 .sdata         0x00000000a0001008        0x3 output\vs1053.o
                0x00000000a0001008                vs1053_CKE
                0x00000000a0001009                vs1053_sizeWorkToTransmit
                0x00000000a000100a                vs1053_volumechanged
 *fill*         0x00000000a000100b        0x1 
 .sdata         0x00000000a000100c       0x11 output\fatfs.o
                0x00000000a000100c                MDD_SDSPI_diskDetected
                0x00000000a0001010                MDD_SDSPI_diskMounted
                0x00000000a0001014                MDD_InternalFlash_diskDetected
                0x00000000a0001018                MDD_InternalFlash_diskMounted
                0x00000000a000101c                MDD_InternalFlash_fatfs_drv
 .sdata         0x00000000a000101d        0x3 output\fatrtc.o
                0x00000000a000101d                rtcYear
                0x00000000a000101e                rtcMon
                0x00000000a000101f                rtcMday
 .sdata         0x00000000a0001020        0x1 output\mp3.o
                0x00000000a0001020                vs1053_markBufferAsEmpty
 *fill*         0x00000000a0001021        0x3 
 .sdata         0x00000000a0001024        0x9 output\app.o
                0x00000000a0001024                app_fileNameFound_direction
                0x00000000a0001028                app_dir_fs_failsafeExitCounter
 .sdata         0x00000000a000102d        0x1 output\mmc_sdcard_microchip.o
 *fill*         0x00000000a000102e        0x2 
 .sdata         0x00000000a0001030        0x8 output\SD-SPI.o
                0x00000000a0001030                SDSPI_BRG_LOW
                0x00000000a0001034                SDSPI_BRG_HIGH
 .sdata         0x00000000a0001038        0x4 output\dee.o
                0x00000000a0001038                dee_debug_enable
                0x00000000a000103c                . = ALIGN (0x4)
                0x00000000a000103c                _sdata_end = .

.lit8
 *(.lit8)

.lit4
 *(.lit4)
                0x00000000a000103c                . = ALIGN (0x4)
                0x00000000a000103c                _data_end = .
                0x00000000a000103c                _bss_begin = .

.sbss           0x00000000a000103c      0x2d4
                0x00000000a000103c                _sbss_begin = .
 *(.dynsbss)
 *(.sbss .sbss.* .gnu.linkonce.sb.*)
 .sbss          0x00000000a000103c       0x20 output\tmr.o
                0x00000000a000103c                globalTime
                0x00000000a0001040                globalTimeUs
                0x00000000a000104c                ptrListCnt
                0x00000000a0001050                tmr_stop_watchdog_triggering
 .sbss          0x00000000a000105c       0x14 output\mal.o
                0x00000000a000105c                mal_resetReason_temp
                0x00000000a0001060                mal_RCON_temp
                0x00000000a0001064                gieTemp
                0x00000000a0001068                isrLockCnt
                0x00000000a000106c                mal_reset_counter
 .sbss          0x00000000a0001070       0x1c output\sleep.o
                0x00000000a0001070                sleepTime
                0x00000000a0001074                sleepRequestApp
                0x00000000a0001078                sleepRequestDriver
                0x00000000a000107c                sleepAppRequest_delay
                0x00000000a0001080                sleepDriverRequest_delay
                0x00000000a0001084                sleepEdgeDetector
                0x00000000a0001085                sleepPointOfNoReturn
                0x00000000a0001086                sleep_stay_in_loop_value
                0x00000000a0001088                do_isr_sleep_1ms
 .sbss          0x00000000a000108c       0x20 output\eep_manager.o
                0x00000000a000108c                eep_manager_persistent_config
                0x00000000a0001090                eep_manager_persistent_eeprom
                0x00000000a0001094                eep_manager_persistent_eeprom_2
                0x00000000a0001098                do_eep_manager_1ms
 .sbss          0x00000000a00010ac        0xa output\usb.o
                0x00000000a00010ac                USBOutHandle
                0x00000000a00010b0                USBInHandle
 *fill*         0x00000000a00010b6        0x2 
 .sbss          0x00000000a00010b8        0x6 output\exceptions.o
                0x00000000a00010b8                exceptionCounter
                0x00000000a00010bc                generateException
 *fill*         0x00000000a00010be        0x2 
 .sbss          0x00000000a00010c0       0x28 output\vs1053.o
                0x00000000a00010c0                VS1053_State
                0x00000000a00010c4                vs1053_buffer_size
                0x00000000a00010c8                vs1053_resetTimer
                0x00000000a00010cc                vs1053_SMP
                0x00000000a00010cd                vs1053_CKP
                0x00000000a00010d0                vs1053_BRG
                0x00000000a00010d4                MP3Mode
                0x00000000a00010d6                MP3Status
                0x00000000a00010d8                MP3Clock
                0x00000000a00010da                vs1053_doWriteStream
                0x00000000a00010db                vs1053_sizeWork
                0x00000000a00010dc                vs1053_SteamBuffer
                0x00000000a00010e0                vs1053_lefchannel
                0x00000000a00010e1                vs1053_rightchannel
                0x00000000a00010e4                do_vs1053_1ms
 .sbss          0x00000000a00010e8        0x6 output\ff.o
 .sbss          0x00000000a00010ee        0x9 output\fatfs.o
                0x00000000a00010ee                do_fatfs_1ms
                0x00000000a00010ef                MDD_SDSPI_fatfs_drv
                0x00000000a00010f0                MDD_SDSPI_fatfs_isDiskPresent
                0x00000000a00010f1                MDD_SDSPI_fatfs_isDiskMounted
                0x00000000a00010f2                MDD_SDSPI_fatfs_diskIsReady
                0x00000000a00010f3                MDD_InternalFlash_fatfs_isDiskPresent
                0x00000000a00010f4                MDD_InternalFlash_fatfs_isDiskMounted
                0x00000000a00010f5                MDD_InternalFlash_fatfs_diskIsReady
 *fill*         0x00000000a00010f7        0x1 
 .sbss          0x00000000a00010f8        0x4 output\fatrtc.o
 .sbss          0x00000000a00010fc       0x14 output\mp3.o
                0x00000000a00010fc                MP3_State
                0x00000000a0001100                mp3FileReadBuffer_Select
                0x00000000a0001102                mp3FileReadBuffer_Pos
                0x00000000a0001104                mp3MarkEof
                0x00000000a0001105                mp3PlayFile_trigger
                0x00000000a0001106                mp3stopPlaying
                0x00000000a0001107                mp3pausePlaying
                0x00000000a0001108                mp3IsPlaying
                0x00000000a0001109                app_drv
                0x00000000a000110c                do_mp3_1ms
 .sbss          0x00000000a0001110       0x16 output\main.o
                0x00000000a0001110                do_loopCnt
                0x00000000a0001114                loopCntTemp
                0x00000000a0001118                loopCnt
                0x00000000a000111c                tick_count
                0x00000000a0001120                loopCntHistoryCnt
 .sbss          0x00000000a0001126        0x1 output\c_eep_manager.o
                0x00000000a0001126                app_mp3_volume_eeprom
 *fill*         0x00000000a0001127        0x1 
 .sbss          0x00000000a0001128       0x24 output\app.o
                0x00000000a0001128                app_state
                0x00000000a000112c                app_state_fs
                0x00000000a0001130                do_app_1ms
                0x00000000a0001131                app_next_item_button_event
                0x00000000a0001132                app_prev_item_button_event
                0x00000000a0001133                app_volume_up_button_event
                0x00000000a0001134                app_volume_down_button_event
                0x00000000a0001135                app_play_pause_button_event
                0x00000000a0001138                app_playFilePosition
                0x00000000a000113c                app_volume
                0x00000000a0001140                app_failsafe_counter
                0x00000000a0001144                app_fileNameFound_updated
                0x00000000a0001148                app_dir_fs_lastPositionCurrent
 .sbss          0x00000000a000114c        0x2 output\ad.o
                0x00000000a000114c                doAd100ms
 *fill*         0x00000000a000114e        0x2 
 .sbss          0x00000000a0001150        0x8 output\mmc_sdcard_microchip.o
                0x00000000a0001150                mmc_sdcard_microchip_do1ms
                0x00000000a0001154                media_information
 .sbss          0x00000000a0001158       0x41 output\SD-SPI.o
                0x00000000a0001158                MDD_SDSPI_finalLBA
                0x00000000a000115c                gMediaSectorSize
                0x00000000a000115e                gSDMode
                0x00000000a000115f                diskEncryptState
                0x00000000a0001160                MDD_SDSPI_MediaDetected
                0x00000000a0001161                do_sd_spi_1ms
                0x00000000a0001164                do_MDD_SDSPI_MediaDetectState
                0x00000000a0001168                do_MDD_SDSPI_MediaInitializeState
                0x00000000a000116c                MDD_SDSPI_runTime
                0x00000000a0001170                SendMMCCmd_Async_Start_state
 *fill*         0x00000000a0001199        0x3 
 .sbss          0x00000000a000119c        0x8 output\usb_function_msd.o
 .sbss          0x00000000a00011a4        0xc output\eeprom.o
                0x00000000a00011a4                eeprom_write_buffer_write_cnt
                0x00000000a00011a8                eeprom_write_buffer_read_cnt
                0x00000000a00011ac                do_eeprom_1ms
 .sbss          0x00000000a00011b0       0x38 output\dee.o
                0x00000000a00011b0                dee_debug_last_return_value
                0x00000000a00011b4                dee_cache_valid
                0x00000000a00011b8                dee_data_cache
                0x00000000a00011bc                dee_addr_cache
                0x00000000a00011c0                do_dee_debug
                0x00000000a00011c4                dee_debug_init_dee
                0x00000000a00011c8                dee_pack_running
                0x00000000a00011c9                dee_pack_triggered
                0x00000000a00011cc                do_dee_1ms
                0x00000000a00011d0                PackEE_async_state_prev
 .sbss          0x00000000a00011e8        0x4 output\noinitram.o
                0x00000000a00011e8                noinitram_valid_block
 .sbss          0x00000000a00011ec       0x12 output\spi_sw.o
                0x00000000a00011ec                spiStateEnum
                0x00000000a00011f0                bufferTxTemp
                0x00000000a00011f4                bufferRxTemp
                0x00000000a00011f8                spi_sizeTemp
                0x00000000a00011fc                spi_default_output
                0x00000000a00011fd                spi_user
 *(.scommon)
 *fill*         0x00000000a00011fe        0x2 
 .scommon       0x00000000a0001200       0x64 output\usb_device.o
                0x00000000a0001200                pDst
                0x00000000a0001204                USBDeferINDataStagePackets
                0x00000000a0001208                CtrlTrfData
                0x00000000a0001210                hid_report_out
                0x00000000a0001214                USBDeferOUTDataStagePackets
                0x00000000a0001218                USBDeviceState
                0x00000000a000121c                controlTransferState
                0x00000000a000121d                endpoint_number
                0x00000000a0001220                hid_report_in
                0x00000000a0001224                ep_data_out
                0x00000000a0001228                USBStatusStageEnabledFlag1
                0x00000000a000122c                USBStatusStageEnabledFlag2
                0x00000000a0001230                BothEP0OutUOWNsSet
                0x00000000a0001234                pBDTEntryEP0OutNext
                0x00000000a0001238                USBBusIsSuspended
                0x00000000a000123c                USBStatusStageTimeoutCounter
                0x00000000a0001240                SetupPkt
                0x00000000a0001248                ep_data_in
                0x00000000a000124b                shortPacketStatus
                0x00000000a000124c                pBDTEntryEP0OutCurrent
                0x00000000a0001250                USBActiveConfiguration
                0x00000000a0001254                RemoteWakeup
                0x00000000a0001258                USTATcopy
                0x00000000a000125c                USBAlternateInterface
                0x00000000a0001260                USBDeferStatusStagePacket
 .scommon       0x00000000a0001264        0x2 output\usb_function_hid.o
                0x00000000a0001264                active_protocol
                0x00000000a0001265                idle_rate
 *fill*         0x00000000a0001266        0x2 
 .scommon       0x00000000a0001268       0x18 output\exceptions.o
                0x00000000a0001268                _return_addr
                0x00000000a000126c                tempB
                0x00000000a0001270                tempA
                0x00000000a0001274                _excep_code
                0x00000000a0001278                tempResult
                0x00000000a000127c                _excep_addr
 .scommon       0x00000000a0001280        0x3 output\fatrtc.o
                0x00000000a0001280                rtcHour
                0x00000000a0001281                rtcSec
                0x00000000a0001282                rtcMin
 *fill*         0x00000000a0001283        0x1 
 .scommon       0x00000000a0001284        0x8 output\mp3.o
                0x00000000a0001284                mp3FileReadBuffer_Fillness
                0x00000000a0001288                mp3_failsafe_timer
 .scommon       0x00000000a000128c       0x24 output\app.o
                0x00000000a000128c                app_play_button
                0x00000000a0001294                app_failsafe_timer
                0x00000000a0001298                app_next_button
                0x00000000a00012a0                app_volume_button
                0x00000000a00012a8                app_prev_button
 .scommon       0x00000000a00012b0        0x2 output\ad.o
                0x00000000a00012b0                adResults
 *fill*         0x00000000a00012b2        0x2 
 .scommon       0x00000000a00012b4       0x19 output\SD-SPI.o
                0x00000000a00012b4                SendMMCCmd_Async_Start_response
                0x00000000a00012bc                mediaInformation
                0x00000000a00012c4                SendMMCCmd_Async_Start_address
                0x00000000a00012c8                do_MDD_SDSPI_MediaInitializeTimer
                0x00000000a00012cc                SendMMCCmd_Async_Start_cmd
 *fill*         0x00000000a00012cd        0x3 
 .scommon       0x00000000a00012d0       0x2f output\usb_function_msd.o
                0x00000000a00012d0                gblNumBLKS
                0x00000000a00012d4                MSBBufferIndex
                0x00000000a00012d6                MSDWriteState
                0x00000000a00012d8                USBMSDOutHandle
                0x00000000a00012dc                MSDRetryAttempt
                0x00000000a00012dd                gblCBWLength
                0x00000000a00012e0                MSDHostNoData
                0x00000000a00012e4                ptrNextData
                0x00000000a00012e8                gblBLKLen
                0x00000000a00012ec                MSDReadState
                0x00000000a00012ed                MSD_State
                0x00000000a00012f0                SoftDetach
                0x00000000a00012f4                MSDCBWValid
                0x00000000a00012f8                USBMSDInHandle
                0x00000000a00012fc                gblMediaPresent
                0x00000000a00012fe                MSDCommandState
 *fill*         0x00000000a00012ff        0x1 
 .scommon       0x00000000a0001300        0xc output\dee_page.o
                0x00000000a0001300                read_dee_page_size
                0x00000000a0001304                read_dee_page
                0x00000000a0001308                read_dee_page_startaddress
 .scommon       0x00000000a000130c        0x4 output\dee.o
                0x00000000a000130c                dataEEFlags
                0x00000000a0001310                _sbss_end = .
                0x00000000a0001310                . = ALIGN (0x4)

.bss            0x00000000a0001400     0x1938
 *(.dynbss)
 *(COMMON)
 COMMON         0x00000000a0001400       0x18 output\eep_manager.o
                0x00000000a0001400                eep_manager_write_trigger
                0x00000000a000140c                eep_manager_debug_address
 COMMON         0x00000000a0001418       0x80 output\usb.o
                0x00000000a0001418                ReceivedDataBuffer
                0x00000000a0001458                ToSendDataBuffer
 *fill*         0x00000000a0001498      0x168 
 COMMON         0x00000000a0001600      0x4b3 output\usb_device.o
                0x00000000a0001600                msd_csw
                0x00000000a0001800                BDT
                0x00000000a0001860                msd_buffer
                0x00000000a0001a60                inPipes
                0x00000000a0001a70                pBDTEntryIn
                0x00000000a0001a7c                pBDTEntryOut
                0x00000000a0001a88                msd_cbw
                0x00000000a0001aa8                outPipes
 *fill*         0x00000000a0001ab3        0x1 
 COMMON         0x00000000a0001ab4       0x40 output\vs1053.o
                0x00000000a0001ab4                vs1053_bufferOut
                0x00000000a0001ad4                vs1053_bufferIn
 COMMON         0x00000000a0001af4      0x460 output\fatfs.o
                0x00000000a0001af4                MDD_InternalFlash_Fatfs
                0x00000000a0001d24                MDD_SDSPI_Fatfs
 COMMON         0x00000000a0001f54      0x644 output\mp3.o
                0x00000000a0001f54                fmp3
                0x00000000a0002178                mp3FileName
                0x00000000a0002198                mp3FileReadBuffer
 COMMON         0x00000000a0002598       0xf0 output\main.o
                0x00000000a0002598                loopCntHistory
 COMMON         0x00000000a0002688       0x5c output\app.o
                0x00000000a0002688                app_fileNameFound
                0x00000000a00026c8                app_dir_fs
 COMMON         0x00000000a00026e4      0x214 output\SD-SPI.o
                0x00000000a00026e4                encryptBuffer
                0x00000000a00028e4                ioInfo
 COMMON         0x00000000a00028f8       0x32 output\usb_function_msd.o
                0x00000000a00028f8                gblCBW
                0x00000000a0002918                gblSenseData
 *fill*         0x00000000a000292a        0x2 
 COMMON         0x00000000a000292c      0x400 output\eeprom.o
                0x00000000a000292c                eeprom_write_buffer
 COMMON         0x00000000a0002d2c        0xc output\dee_page.o
                0x00000000a0002d2c                dee_debug_page_status
                0x00000000a0002d38                . = ALIGN ((. != 0x0)?0x4:0x1)
                0x00000000a0002d38                . = ALIGN (0x4)
                0x00000000a0002d38                _end = .
                0x00000000a0002d38                _bss_end = .
                0x0000000000007000                _bmxdudba_address = LENGTH (kseg1_data_mem)
                0x0000000000007000                _bmxdupba_address = LENGTH (kseg1_data_mem)

/DISCARD/
 *(.pdr)
 *(.rel.dyn)
 *(.note.GNU-stack)
 *(.note.GNU-stack)
 *(.gnu_debuglink)
 *(.gnu.lto_*)
 *(.discard)

.gptab.sdata
 *(.gptab.data)
 *(.gptab.sdata)

.gptab.sbss
 *(.gptab.bss)
 *(.gptab.sbss)

.mdebug.abi32   0x00000000a0000000        0x0
 *(.mdebug.abi32)
 .mdebug.abi32  0x00000000a0000000        0x0 output\tmr.o
 .mdebug.abi32  0x00000000a0000000        0x0 output\mal.o
 .mdebug.abi32  0x00000000a0000000        0x0 output\ringBuffer.o
 .mdebug.abi32  0x00000000a0000000        0x0 output\sleep.o
 .mdebug.abi32  0x00000000a0000000        0x0 output\eep_manager.o
 .mdebug.abi32  0x00000000a0000000        0x0 output\usb.o
 .mdebug.abi32  0x00000000a0000000        0x0 output\usb_descriptors.o
 .mdebug.abi32  0x00000000a0000000        0x0 output\usb_device.o
 .mdebug.abi32  0x00000000a0000000        0x0 output\usb_function_hid.o
 .mdebug.abi32  0x00000000a0000000        0x0 output\exceptions.o
 .mdebug.abi32  0x00000000a0000000        0x0 output\isr.o
 .mdebug.abi32  0x00000000a0000000        0x0 output\vs1053.o
 .mdebug.abi32  0x00000000a0000000        0x0 output\ff.o
 .mdebug.abi32  0x00000000a0000000        0x0 output\mmc_multiplexer.o
 .mdebug.abi32  0x00000000a0000000        0x0 output\fatfs.o
 .mdebug.abi32  0x00000000a0000000        0x0 output\fatrtc.o
 .mdebug.abi32  0x00000000a0000000        0x0 output\mp3.o
 .mdebug.abi32  0x00000000a0000000        0x0 output\tokenize.o
 .mdebug.abi32  0x00000000a0000000        0x0 output\bitstream.o
 .mdebug.abi32  0x00000000a0000000        0x0 output\buffers.o
 .mdebug.abi32  0x00000000a0000000        0x0 output\dct32.o
 .mdebug.abi32  0x00000000a0000000        0x0 output\dequant.o
 .mdebug.abi32  0x00000000a0000000        0x0 output\dqchan.o
 .mdebug.abi32  0x00000000a0000000        0x0 output\huffman.o
 .mdebug.abi32  0x00000000a0000000        0x0 output\hufftabs.o
 .mdebug.abi32  0x00000000a0000000        0x0 output\imdct.o
 .mdebug.abi32  0x00000000a0000000        0x0 output\mp3dec.o
 .mdebug.abi32  0x00000000a0000000        0x0 output\mp3tabs.o
 .mdebug.abi32  0x00000000a0000000        0x0 output\polyphase.o
 .mdebug.abi32  0x00000000a0000000        0x0 output\scalfact.o
 .mdebug.abi32  0x00000000a0000000        0x0 output\stproc.o
 .mdebug.abi32  0x00000000a0000000        0x0 output\subband.o
 .mdebug.abi32  0x00000000a0000000        0x0 output\trigtabs.o
 .mdebug.abi32  0x00000000a0000000        0x0 output\main.o
 .mdebug.abi32  0x00000000a0000000        0x0 output\io.o
 .mdebug.abi32  0x00000000a0000000        0x0 output\c_eep_manager.o
 .mdebug.abi32  0x00000000a0000000        0x0 output\app.o
 .mdebug.abi32  0x00000000a0000000        0x0 output\ad.o
 .mdebug.abi32  0x00000000a0000000        0x0 output\mmc_sdcard_microchip.o
 .mdebug.abi32  0x00000000a0000000        0x0 output\SD-SPI.o
 .mdebug.abi32  0x00000000a0000000        0x0 output\usb_function_msd.o
 .mdebug.abi32  0x00000000a0000000        0x0 output\eep_manager_crc.o
 .mdebug.abi32  0x00000000a0000000        0x0 output\bootloader_interface.o
 .mdebug.abi32  0x00000000a0000000        0x0 output\eeprom.o
 .mdebug.abi32  0x00000000a0000000        0x0 output\dee_page_helper.o
 .mdebug.abi32  0x00000000a0000000        0x0 output\dee_page.o
 .mdebug.abi32  0x00000000a0000000        0x0 output\dee.o
 .mdebug.abi32  0x00000000a0000000        0x0 output\randomValue.o
 .mdebug.abi32  0x00000000a0000000        0x0 output\noinitram.o
 .mdebug.abi32  0x00000000a0000000        0x0 output\spi_sw.o
 .mdebug.abi32  0x00000000a0000000        0x0 c:/program files/microchip/xc32/v4.20/bin/bin/../../lib/gcc/pic32mx/8.3.1/../../../../pic32mx/lib\libmchp_peripheral_32MX440F256H.a(int_enable_interrupts_lib.o)
 .mdebug.abi32  0x00000000a0000000        0x0 c:/program files/microchip/xc32/v4.20/bin/bin/../../lib/gcc/pic32mx/8.3.1/../../../../pic32mx/lib\libmchp_peripheral_32MX440F256H.a(int_enable_mv_int_lib.o)
 .mdebug.abi32  0x00000000a0000000        0x0 c:/program files/microchip/xc32/v4.20/bin/bin/../../lib/gcc/pic32mx/8.3.1/../../../../pic32mx/lib\libpic32.a(default-bootstrap-exception-handler.o)
 .mdebug.abi32  0x00000000a0000000        0x0 c:/program files/microchip/xc32/v4.20/bin/bin/../../lib/gcc/pic32mx/8.3.1/../../../../pic32mx/lib\libpic32.a(default-on-reset.o)
 .mdebug.abi32  0x00000000a0000000        0x0 c:/program files/microchip/xc32/v4.20/bin/bin/../../lib/gcc/pic32mx/8.3.1/../../../../pic32mx/lib\libpic32.a(default-on-bootstrap.o)
 .mdebug.abi32  0x00000000a0000000        0x0 c:/program files/microchip/xc32/v4.20/bin/bin/../../lib/gcc/pic32mx/8.3.1/../../../../pic32mx/lib\libpic32.a(defaultinterrupt.o)
 .mdebug.abi32  0x00000000a0000000        0x0 c:/program files/microchip/xc32/v4.20/bin/bin/../../lib/gcc/pic32mx/8.3.1/../../../../pic32mx/lib\libc-musl.a(isxdigit.o)
 .mdebug.abi32  0x00000000a0000000        0x0 c:/program files/microchip/xc32/v4.20/bin/bin/../../lib/gcc/pic32mx/8.3.1/../../../../pic32mx/lib\libc-musl.a(tolower.o)
 .mdebug.abi32  0x00000000a0000000        0x0 c:/program files/microchip/xc32/v4.20/bin/bin/../../lib/gcc/pic32mx/8.3.1/../../../../pic32mx/lib\libc-musl.a(malloc.o)
 .mdebug.abi32  0x00000000a0000000        0x0 c:/program files/microchip/xc32/v4.20/bin/bin/../../lib/gcc/pic32mx/8.3.1/../../../../pic32mx/lib\libc-musl.a(expand_heap.o)
 .mdebug.abi32  0x00000000a0000000        0x0 c:/program files/microchip/xc32/v4.20/bin/bin/../../lib/gcc/pic32mx/8.3.1/../../../../pic32mx/lib\libc-musl.a(memmove.o)
 .mdebug.abi32  0x00000000a0000000        0x0 c:/program files/microchip/xc32/v4.20/bin/bin/../../lib/gcc/pic32mx/8.3.1/../../../../pic32mx/lib\libc-musl.a(libc.o)
 .mdebug.abi32  0x00000000a0000000        0x0 c:/program files/microchip/xc32/v4.20/bin/bin/../../lib/gcc/pic32mx/8.3.1\libgcc.a(_lshrdi3.o)
 .mdebug.abi32  0x00000000a0000000        0x0 c:/program files/microchip/xc32/v4.20/bin/bin/../../lib/gcc/pic32mx/8.3.1\libgcc.a(_ashldi3.o)
 .mdebug.abi32  0x00000000a0000000        0x0 c:/program files/microchip/xc32/v4.20/bin/bin/../../lib/gcc/pic32mx/8.3.1/../../../../pic32mx/lib\libpic32.a(sbrk.o)
 .mdebug.abi32  0x00000000a0000000        0x0 c:/program files/microchip/xc32/v4.20/bin/bin/../../lib/gcc/pic32mx/8.3.1/../../../../pic32mx/lib\libpic32.a(errno.o)

.mdebug.abiN32
 *(.mdebug.abiN32)

.mdebug.abi64
 *(.mdebug.abi64)

.mdebug.abiO64
 *(.mdebug.abiO64)

.mdebug.eabi32
 *(.mdebug.eabi32)

.mdebug.eabi64
 *(.mdebug.eabi64)

.gcc_compiled_long32
 *(.gcc_compiled_long32)

.gcc_compiled_long64
 *(.gcc_compiled_long64)

.stab
 *(.stab)

.stabstr
 *(.stabstr)

.stab.excl
 *(.stab.excl)

.stab.exclstr
 *(.stab.exclstr)

.stab.index
 *(.stab.index)

.stab.indexstr
 *(.stab.indexstr)

.comment        0x0000000000000000       0xfc
 *(.comment)
 .comment       0x0000000000000000       0x2b output\tmr.o
                                         0x2c (size before relaxing)
 .comment       0x000000000000002b       0x2c output\mal.o
 .comment       0x000000000000002b       0x2c output\ringBuffer.o
 .comment       0x000000000000002b       0x2c output\sleep.o
 .comment       0x000000000000002b       0x2c output\eep_manager.o
 .comment       0x000000000000002b       0x2c output\usb.o
 .comment       0x000000000000002b       0x2c output\usb_descriptors.o
 .comment       0x000000000000002b       0x2c output\usb_device.o
 .comment       0x000000000000002b       0x2c output\usb_function_hid.o
 .comment       0x000000000000002b       0x2c output\exceptions.o
 .comment       0x000000000000002b       0x2c output\isr.o
 .comment       0x000000000000002b       0x2c output\vs1053.o
 .comment       0x000000000000002b       0x2c output\ff.o
 .comment       0x000000000000002b       0x2c output\mmc_multiplexer.o
 .comment       0x000000000000002b       0x2c output\fatfs.o
 .comment       0x000000000000002b       0x2c output\fatrtc.o
 .comment       0x000000000000002b       0x2c output\mp3.o
 .comment       0x000000000000002b       0x2c output\tokenize.o
 .comment       0x000000000000002b       0x2c output\bitstream.o
 .comment       0x000000000000002b       0x2c output\buffers.o
 .comment       0x000000000000002b       0x2c output\dct32.o
 .comment       0x000000000000002b       0x2c output\dequant.o
 .comment       0x000000000000002b       0x2c output\dqchan.o
 .comment       0x000000000000002b       0x2c output\huffman.o
 .comment       0x000000000000002b       0x2c output\hufftabs.o
 .comment       0x000000000000002b       0x2c output\imdct.o
 .comment       0x000000000000002b       0x2c output\mp3dec.o
 .comment       0x000000000000002b       0x2c output\mp3tabs.o
 .comment       0x000000000000002b       0x2c output\polyphase.o
 .comment       0x000000000000002b       0x2c output\scalfact.o
 .comment       0x000000000000002b       0x2c output\stproc.o
 .comment       0x000000000000002b       0x2c output\subband.o
 .comment       0x000000000000002b       0x2c output\trigtabs.o
 .comment       0x000000000000002b       0x2c output\main.o
 .comment       0x000000000000002b       0x2c output\io.o
 .comment       0x000000000000002b       0x2c output\c_eep_manager.o
 .comment       0x000000000000002b       0x2c output\app.o
 .comment       0x000000000000002b       0x2c output\ad.o
 .comment       0x000000000000002b       0x2c output\mmc_sdcard_microchip.o
 .comment       0x000000000000002b       0x2c output\SD-SPI.o
 .comment       0x000000000000002b       0x2c output\usb_function_msd.o
 .comment       0x000000000000002b       0x2c output\eep_manager_crc.o
 .comment       0x000000000000002b       0x2c output\bootloader_interface.o
 .comment       0x000000000000002b       0x2c output\eeprom.o
 .comment       0x000000000000002b       0x2c output\dee_page_helper.o
 .comment       0x000000000000002b       0x2c output\dee_page.o
 .comment       0x000000000000002b       0x2c output\dee.o
 .comment       0x000000000000002b       0x2c output\randomValue.o
 .comment       0x000000000000002b       0x2c output\noinitram.o
 .comment       0x000000000000002b       0x2c output\spi_sw.o
 .comment       0x000000000000002b       0x3c c:/program files/microchip/xc32/v4.20/bin/bin/../../lib/gcc/pic32mx/8.3.1/../../../../pic32mx/lib\libmchp_peripheral_32MX440F256H.a(int_enable_interrupts_lib.o)
                                         0x3d (size before relaxing)
 .comment       0x0000000000000067       0x3d c:/program files/microchip/xc32/v4.20/bin/bin/../../lib/gcc/pic32mx/8.3.1/../../../../pic32mx/lib\libmchp_peripheral_32MX440F256H.a(int_enable_mv_int_lib.o)
 .comment       0x0000000000000067       0x18 c:/program files/microchip/xc32/v4.20/bin/bin/../../lib/gcc/pic32mx/8.3.1/../../../../pic32mx/lib\libpic32.a(memset.o)
                                         0x19 (size before relaxing)
 .comment       0x000000000000007f       0x19 c:/program files/microchip/xc32/v4.20/bin/bin/../../lib/gcc/pic32mx/8.3.1/../../../../pic32mx/lib\libpic32.a(strcpy.o)
                                         0x1a (size before relaxing)
 .comment       0x0000000000000098       0x19 c:/program files/microchip/xc32/v4.20/bin/bin/../../lib/gcc/pic32mx/8.3.1/../../../../pic32mx/lib\libpic32.a(strlen.o)
                                         0x1a (size before relaxing)
 .comment       0x00000000000000b1       0x2c c:/program files/microchip/xc32/v4.20/bin/bin/../../lib/gcc/pic32mx/8.3.1/../../../../pic32mx/lib\libpic32.a(default-bootstrap-exception-handler.o)
 .comment       0x00000000000000b1       0x2c c:/program files/microchip/xc32/v4.20/bin/bin/../../lib/gcc/pic32mx/8.3.1/../../../../pic32mx/lib\libpic32.a(default-on-reset.o)
 .comment       0x00000000000000b1       0x2c c:/program files/microchip/xc32/v4.20/bin/bin/../../lib/gcc/pic32mx/8.3.1/../../../../pic32mx/lib\libpic32.a(default-on-bootstrap.o)
 .comment       0x00000000000000b1       0x2c c:/program files/microchip/xc32/v4.20/bin/bin/../../lib/gcc/pic32mx/8.3.1/../../../../pic32mx/lib\libpic32.a(defaultinterrupt.o)
 .comment       0x00000000000000b1       0x2c c:/program files/microchip/xc32/v4.20/bin/bin/../../lib/gcc/pic32mx/8.3.1/../../../../pic32mx/lib\libc-musl.a(isxdigit.o)
 .comment       0x00000000000000b1       0x2c c:/program files/microchip/xc32/v4.20/bin/bin/../../lib/gcc/pic32mx/8.3.1/../../../../pic32mx/lib\libc-musl.a(tolower.o)
 .comment       0x00000000000000b1       0x2c c:/program files/microchip/xc32/v4.20/bin/bin/../../lib/gcc/pic32mx/8.3.1/../../../../pic32mx/lib\libc-musl.a(malloc.o)
 .comment       0x00000000000000b1       0x2c c:/program files/microchip/xc32/v4.20/bin/bin/../../lib/gcc/pic32mx/8.3.1/../../../../pic32mx/lib\libc-musl.a(expand_heap.o)
 .comment       0x00000000000000b1       0x2c c:/program files/microchip/xc32/v4.20/bin/bin/../../lib/gcc/pic32mx/8.3.1/../../../../pic32mx/lib\libc-musl.a(memmove.o)
 .comment       0x00000000000000b1       0x2c c:/program files/microchip/xc32/v4.20/bin/bin/../../lib/gcc/pic32mx/8.3.1/../../../../pic32mx/lib\libc-musl.a(libc.o)
 .comment       0x00000000000000b1       0x2c c:/program files/microchip/xc32/v4.20/bin/bin/../../lib/gcc/pic32mx/8.3.1\libgcc.a(_lshrdi3.o)
 .comment       0x00000000000000b1       0x2c c:/program files/microchip/xc32/v4.20/bin/bin/../../lib/gcc/pic32mx/8.3.1\libgcc.a(_ashldi3.o)
 .comment       0x00000000000000b1       0x4b c:/program files/microchip/xc32/v4.20/bin/bin/../../lib/gcc/pic32mx/8.3.1/../../../../pic32mx/lib\libpic32.a(sbrk.o)
                                         0x77 (size before relaxing)
 .comment       0x00000000000000fc       0x2c c:/program files/microchip/xc32/v4.20/bin/bin/../../lib/gcc/pic32mx/8.3.1/../../../../pic32mx/lib\libpic32.a(errno.o)

.debug
 *(.debug)

.line
 *(.line)

.debug_srcinfo
 *(.debug_srcinfo)

.debug_sfnames
 *(.debug_sfnames)

.debug_aranges  0x0000000000000000      0x868
 *(.debug_aranges)
 .debug_aranges
                0x0000000000000000       0x20 output\tmr.o
 .debug_aranges
                0x0000000000000020       0x20 output\mal.o
 .debug_aranges
                0x0000000000000040       0x20 output\ringBuffer.o
 .debug_aranges
                0x0000000000000060       0x20 output\sleep.o
 .debug_aranges
                0x0000000000000080       0x20 output\eep_manager.o
 .debug_aranges
                0x00000000000000a0       0x20 output\usb.o
 .debug_aranges
                0x00000000000000c0       0x18 output\usb_descriptors.o
 .debug_aranges
                0x00000000000000d8       0x20 output\usb_device.o
 .debug_aranges
                0x00000000000000f8       0x20 output\usb_function_hid.o
 .debug_aranges
                0x0000000000000118       0x20 output\exceptions.o
 .debug_aranges
                0x0000000000000138       0x20 output\isr.o
 .debug_aranges
                0x0000000000000158       0x20 output\vs1053.o
 .debug_aranges
                0x0000000000000178       0x20 output\ff.o
 .debug_aranges
                0x0000000000000198       0x20 output\mmc_multiplexer.o
 .debug_aranges
                0x00000000000001b8       0x20 output\fatfs.o
 .debug_aranges
                0x00000000000001d8       0x20 output\fatrtc.o
 .debug_aranges
                0x00000000000001f8       0x20 output\mp3.o
 .debug_aranges
                0x0000000000000218       0x20 output\tokenize.o
 .debug_aranges
                0x0000000000000238       0x20 output\bitstream.o
 .debug_aranges
                0x0000000000000258       0x20 output\buffers.o
 .debug_aranges
                0x0000000000000278       0x20 output\dct32.o
 .debug_aranges
                0x0000000000000298       0x20 output\dequant.o
 .debug_aranges
                0x00000000000002b8       0x20 output\dqchan.o
 .debug_aranges
                0x00000000000002d8       0x20 output\huffman.o
 .debug_aranges
                0x00000000000002f8       0x18 output\hufftabs.o
 .debug_aranges
                0x0000000000000310       0x20 output\imdct.o
 .debug_aranges
                0x0000000000000330       0x20 output\mp3dec.o
 .debug_aranges
                0x0000000000000350       0x18 output\mp3tabs.o
 .debug_aranges
                0x0000000000000368       0x20 output\polyphase.o
 .debug_aranges
                0x0000000000000388       0x20 output\scalfact.o
 .debug_aranges
                0x00000000000003a8       0x20 output\stproc.o
 .debug_aranges
                0x00000000000003c8       0x20 output\subband.o
 .debug_aranges
                0x00000000000003e8       0x18 output\trigtabs.o
 .debug_aranges
                0x0000000000000400       0x20 output\main.o
 .debug_aranges
                0x0000000000000420       0x20 output\io.o
 .debug_aranges
                0x0000000000000440       0x18 output\c_eep_manager.o
 .debug_aranges
                0x0000000000000458       0x20 output\app.o
 .debug_aranges
                0x0000000000000478       0x20 output\ad.o
 .debug_aranges
                0x0000000000000498       0x20 output\mmc_sdcard_microchip.o
 .debug_aranges
                0x00000000000004b8       0x20 output\SD-SPI.o
 .debug_aranges
                0x00000000000004d8       0x20 output\usb_function_msd.o
 .debug_aranges
                0x00000000000004f8       0x20 output\eep_manager_crc.o
 .debug_aranges
                0x0000000000000518       0x20 output\bootloader_interface.o
 .debug_aranges
                0x0000000000000538       0x20 output\eeprom.o
 .debug_aranges
                0x0000000000000558       0x20 output\dee_page_helper.o
 .debug_aranges
                0x0000000000000578       0x20 output\dee_page.o
 .debug_aranges
                0x0000000000000598       0x20 output\dee.o
 .debug_aranges
                0x00000000000005b8       0x18 output\randomValue.o
 .debug_aranges
                0x00000000000005d0       0x20 output\noinitram.o
 .debug_aranges
                0x00000000000005f0       0x20 output\spi_sw.o
 .debug_aranges
                0x0000000000000610       0x20 c:/program files/microchip/xc32/v4.20/bin/bin/../../lib/gcc/pic32mx/8.3.1/../../../../pic32mx/lib\libmchp_peripheral_32MX440F256H.a(int_enable_interrupts_lib.o)
 .debug_aranges
                0x0000000000000630       0x20 c:/program files/microchip/xc32/v4.20/bin/bin/../../lib/gcc/pic32mx/8.3.1/../../../../pic32mx/lib\libmchp_peripheral_32MX440F256H.a(int_enable_mv_int_lib.o)
 .debug_aranges
                0x0000000000000650       0x20 c:/program files/microchip/xc32/v4.20/bin/bin/../../lib/gcc/pic32mx/8.3.1/../../../../pic32mx/lib\libpic32.a(default-bootstrap-exception-handler.o)
 .debug_aranges
                0x0000000000000670       0x20 c:/program files/microchip/xc32/v4.20/bin/bin/../../lib/gcc/pic32mx/8.3.1/../../../../pic32mx/lib\libpic32.a(default-on-reset.o)
 .debug_aranges
                0x0000000000000690       0x20 c:/program files/microchip/xc32/v4.20/bin/bin/../../lib/gcc/pic32mx/8.3.1/../../../../pic32mx/lib\libpic32.a(default-on-bootstrap.o)
 .debug_aranges
                0x00000000000006b0       0x20 c:/program files/microchip/xc32/v4.20/bin/bin/../../lib/gcc/pic32mx/8.3.1/../../../../pic32mx/lib\libpic32.a(defaultinterrupt.o)
 .debug_aranges
                0x00000000000006d0       0x28 c:/program files/microchip/xc32/v4.20/bin/bin/../../lib/gcc/pic32mx/8.3.1/../../../../pic32mx/lib\libc-musl.a(isxdigit.o)
 .debug_aranges
                0x00000000000006f8       0x28 c:/program files/microchip/xc32/v4.20/bin/bin/../../lib/gcc/pic32mx/8.3.1/../../../../pic32mx/lib\libc-musl.a(tolower.o)
 .debug_aranges
                0x0000000000000720       0x70 c:/program files/microchip/xc32/v4.20/bin/bin/../../lib/gcc/pic32mx/8.3.1/../../../../pic32mx/lib\libc-musl.a(malloc.o)
 .debug_aranges
                0x0000000000000790       0x20 c:/program files/microchip/xc32/v4.20/bin/bin/../../lib/gcc/pic32mx/8.3.1/../../../../pic32mx/lib\libc-musl.a(expand_heap.o)
 .debug_aranges
                0x00000000000007b0       0x20 c:/program files/microchip/xc32/v4.20/bin/bin/../../lib/gcc/pic32mx/8.3.1/../../../../pic32mx/lib\libc-musl.a(memmove.o)
 .debug_aranges
                0x00000000000007d0       0x18 c:/program files/microchip/xc32/v4.20/bin/bin/../../lib/gcc/pic32mx/8.3.1/../../../../pic32mx/lib\libc-musl.a(libc.o)
 .debug_aranges
                0x00000000000007e8       0x20 c:/program files/microchip/xc32/v4.20/bin/bin/../../lib/gcc/pic32mx/8.3.1\libgcc.a(_lshrdi3.o)
 .debug_aranges
                0x0000000000000808       0x20 c:/program files/microchip/xc32/v4.20/bin/bin/../../lib/gcc/pic32mx/8.3.1\libgcc.a(_ashldi3.o)
 .debug_aranges
                0x0000000000000828       0x40 c:/program files/microchip/xc32/v4.20/bin/bin/../../lib/gcc/pic32mx/8.3.1/../../../../pic32mx/lib\libpic32.a(sbrk.o)

.debug_pubnames
 *(.debug_pubnames)

.debug_info     0x0000000000000000    0x1b1f9
 *(.debug_info .gnu.linkonce.wi.*)
 .debug_info    0x0000000000000000      0x6d4 output\tmr.o
 .debug_info    0x00000000000006d4      0x9f7 output\mal.o
 .debug_info    0x00000000000010cb      0x42f output\ringBuffer.o
 .debug_info    0x00000000000014fa      0x46f output\sleep.o
 .debug_info    0x0000000000001969      0x7ad output\eep_manager.o
 .debug_info    0x0000000000002116      0xe5f output\usb.o
 .debug_info    0x0000000000002f75      0x492 output\usb_descriptors.o
 .debug_info    0x0000000000003407     0x2261 output\usb_device.o
 .debug_info    0x0000000000005668      0x90e output\usb_function_hid.o
 .debug_info    0x0000000000005f76      0x3f0 output\exceptions.o
 .debug_info    0x0000000000006366      0x757 output\isr.o
 .debug_info    0x0000000000006abd      0xba6 output\vs1053.o
 .debug_info    0x0000000000007663     0x1c69 output\ff.o
 .debug_info    0x00000000000092cc      0x2be output\mmc_multiplexer.o
 .debug_info    0x000000000000958a      0x45f output\fatfs.o
 .debug_info    0x00000000000099e9      0x1ef output\fatrtc.o
 .debug_info    0x0000000000009bd8      0x761 output\mp3.o
 .debug_info    0x000000000000a339      0x609 output\tokenize.o
 .debug_info    0x000000000000a942      0x8f9 output\bitstream.o
 .debug_info    0x000000000000b23b      0x96e output\buffers.o
 .debug_info    0x000000000000bba9      0x2bd output\dct32.o
 .debug_info    0x000000000000be66      0x852 output\dequant.o
 .debug_info    0x000000000000c6b8      0x7cf output\dqchan.o
 .debug_info    0x000000000000ce87      0xad4 output\huffman.o
 .debug_info    0x000000000000d95b      0x1f4 output\hufftabs.o
 .debug_info    0x000000000000db4f     0x141d output\imdct.o
 .debug_info    0x000000000000ef6c      0x684 output\mp3dec.o
 .debug_info    0x000000000000f5f0      0x203 output\mp3tabs.o
 .debug_info    0x000000000000f7f3      0x311 output\polyphase.o
 .debug_info    0x000000000000fb04      0x9a4 output\scalfact.o
 .debug_info    0x00000000000104a8      0x880 output\stproc.o
 .debug_info    0x0000000000010d28      0x3b9 output\subband.o
 .debug_info    0x00000000000110e1      0x1fe output\trigtabs.o
 .debug_info    0x00000000000112df      0x4f8 output\main.o
 .debug_info    0x00000000000117d7      0x5eb output\io.o
 .debug_info    0x0000000000011dc2      0x1b1 output\c_eep_manager.o
 .debug_info    0x0000000000011f73      0xd6a output\app.o
 .debug_info    0x0000000000012cdd      0x80f output\ad.o
 .debug_info    0x00000000000134ec      0x3cb output\mmc_sdcard_microchip.o
 .debug_info    0x00000000000138b7     0x158c output\SD-SPI.o
 .debug_info    0x0000000000014e43     0x1a37 output\usb_function_msd.o
 .debug_info    0x000000000001687a      0x333 output\eep_manager_crc.o
 .debug_info    0x0000000000016bad      0x11d output\bootloader_interface.o
 .debug_info    0x0000000000016cca      0x37d output\eeprom.o
 .debug_info    0x0000000000017047      0x382 output\dee_page_helper.o
 .debug_info    0x00000000000173c9      0x8e6 output\dee_page.o
 .debug_info    0x0000000000017caf      0xcdc output\dee.o
 .debug_info    0x000000000001898b       0x59 output\randomValue.o
 .debug_info    0x00000000000189e4      0x2e5 output\noinitram.o
 .debug_info    0x0000000000018cc9      0x841 output\spi_sw.o
 .debug_info    0x000000000001950a       0xb2 c:/program files/microchip/xc32/v4.20/bin/bin/../../lib/gcc/pic32mx/8.3.1/../../../../pic32mx/lib\libmchp_peripheral_32MX440F256H.a(int_enable_interrupts_lib.o)
 .debug_info    0x00000000000195bc       0xba c:/program files/microchip/xc32/v4.20/bin/bin/../../lib/gcc/pic32mx/8.3.1/../../../../pic32mx/lib\libmchp_peripheral_32MX440F256H.a(int_enable_mv_int_lib.o)
 .debug_info    0x0000000000019676       0x41 c:/program files/microchip/xc32/v4.20/bin/bin/../../lib/gcc/pic32mx/8.3.1/../../../../pic32mx/lib\libpic32.a(default-bootstrap-exception-handler.o)
 .debug_info    0x00000000000196b7       0x3f c:/program files/microchip/xc32/v4.20/bin/bin/../../lib/gcc/pic32mx/8.3.1/../../../../pic32mx/lib\libpic32.a(default-on-reset.o)
 .debug_info    0x00000000000196f6       0x3f c:/program files/microchip/xc32/v4.20/bin/bin/../../lib/gcc/pic32mx/8.3.1/../../../../pic32mx/lib\libpic32.a(default-on-bootstrap.o)
 .debug_info    0x0000000000019735       0x40 c:/program files/microchip/xc32/v4.20/bin/bin/../../lib/gcc/pic32mx/8.3.1/../../../../pic32mx/lib\libpic32.a(defaultinterrupt.o)
 .debug_info    0x0000000000019775      0x128 c:/program files/microchip/xc32/v4.20/bin/bin/../../lib/gcc/pic32mx/8.3.1/../../../../pic32mx/lib\libc-musl.a(isxdigit.o)
 .debug_info    0x000000000001989d      0x11b c:/program files/microchip/xc32/v4.20/bin/bin/../../lib/gcc/pic32mx/8.3.1/../../../../pic32mx/lib\libc-musl.a(tolower.o)
 .debug_info    0x00000000000199b8      0xfed c:/program files/microchip/xc32/v4.20/bin/bin/../../lib/gcc/pic32mx/8.3.1/../../../../pic32mx/lib\libc-musl.a(malloc.o)
 .debug_info    0x000000000001a9a5      0x105 c:/program files/microchip/xc32/v4.20/bin/bin/../../lib/gcc/pic32mx/8.3.1/../../../../pic32mx/lib\libc-musl.a(expand_heap.o)
 .debug_info    0x000000000001aaaa       0xee c:/program files/microchip/xc32/v4.20/bin/bin/../../lib/gcc/pic32mx/8.3.1/../../../../pic32mx/lib\libc-musl.a(memmove.o)
 .debug_info    0x000000000001ab98      0x276 c:/program files/microchip/xc32/v4.20/bin/bin/../../lib/gcc/pic32mx/8.3.1/../../../../pic32mx/lib\libc-musl.a(libc.o)
 .debug_info    0x000000000001ae0e      0x1aa c:/program files/microchip/xc32/v4.20/bin/bin/../../lib/gcc/pic32mx/8.3.1\libgcc.a(_lshrdi3.o)
 .debug_info    0x000000000001afb8      0x1aa c:/program files/microchip/xc32/v4.20/bin/bin/../../lib/gcc/pic32mx/8.3.1\libgcc.a(_ashldi3.o)
 .debug_info    0x000000000001b162       0x97 c:/program files/microchip/xc32/v4.20/bin/bin/../../lib/gcc/pic32mx/8.3.1/../../../../pic32mx/lib\libpic32.a(sbrk.o)

.debug_abbrev   0x0000000000000000     0x5bd7
 *(.debug_abbrev)
 .debug_abbrev  0x0000000000000000      0x208 output\tmr.o
 .debug_abbrev  0x0000000000000208      0x26d output\mal.o
 .debug_abbrev  0x0000000000000475      0x110 output\ringBuffer.o
 .debug_abbrev  0x0000000000000585      0x16c output\sleep.o
 .debug_abbrev  0x00000000000006f1      0x210 output\eep_manager.o
 .debug_abbrev  0x0000000000000901      0x2a3 output\usb.o
 .debug_abbrev  0x0000000000000ba4      0x114 output\usb_descriptors.o
 .debug_abbrev  0x0000000000000cb8      0x3fb output\usb_device.o
 .debug_abbrev  0x00000000000010b3      0x1bb output\usb_function_hid.o
 .debug_abbrev  0x000000000000126e      0x185 output\exceptions.o
 .debug_abbrev  0x00000000000013f3      0x101 output\isr.o
 .debug_abbrev  0x00000000000014f4      0x240 output\vs1053.o
 .debug_abbrev  0x0000000000001734      0x1ce output\ff.o
 .debug_abbrev  0x0000000000001902       0xf3 output\mmc_multiplexer.o
 .debug_abbrev  0x00000000000019f5      0x119 output\fatfs.o
 .debug_abbrev  0x0000000000001b0e       0xd9 output\fatrtc.o
 .debug_abbrev  0x0000000000001be7      0x1cc output\mp3.o
 .debug_abbrev  0x0000000000001db3      0x111 output\tokenize.o
 .debug_abbrev  0x0000000000001ec4      0x1f4 output\bitstream.o
 .debug_abbrev  0x00000000000020b8      0x17f output\buffers.o
 .debug_abbrev  0x0000000000002237       0xfc output\dct32.o
 .debug_abbrev  0x0000000000002333      0x178 output\dequant.o
 .debug_abbrev  0x00000000000024ab      0x18f output\dqchan.o
 .debug_abbrev  0x000000000000263a      0x1d6 output\huffman.o
 .debug_abbrev  0x0000000000002810       0xc4 output\hufftabs.o
 .debug_abbrev  0x00000000000028d4      0x256 output\imdct.o
 .debug_abbrev  0x0000000000002b2a      0x231 output\mp3dec.o
 .debug_abbrev  0x0000000000002d5b       0x92 output\mp3tabs.o
 .debug_abbrev  0x0000000000002ded       0xfd output\polyphase.o
 .debug_abbrev  0x0000000000002eea      0x1a3 output\scalfact.o
 .debug_abbrev  0x000000000000308d      0x17c output\stproc.o
 .debug_abbrev  0x0000000000003209      0x11c output\subband.o
 .debug_abbrev  0x0000000000003325       0x8c output\trigtabs.o
 .debug_abbrev  0x00000000000033b1      0x1dc output\main.o
 .debug_abbrev  0x000000000000358d      0x11d output\io.o
 .debug_abbrev  0x00000000000036aa       0xca output\c_eep_manager.o
 .debug_abbrev  0x0000000000003774      0x28d output\app.o
 .debug_abbrev  0x0000000000003a01      0x166 output\ad.o
 .debug_abbrev  0x0000000000003b67      0x1a9 output\mmc_sdcard_microchip.o
 .debug_abbrev  0x0000000000003d10      0x33d output\SD-SPI.o
 .debug_abbrev  0x000000000000404d      0x36f output\usb_function_msd.o
 .debug_abbrev  0x00000000000043bc      0x10a output\eep_manager_crc.o
 .debug_abbrev  0x00000000000044c6       0xa7 output\bootloader_interface.o
 .debug_abbrev  0x000000000000456d      0x131 output\eeprom.o
 .debug_abbrev  0x000000000000469e      0x115 output\dee_page_helper.o
 .debug_abbrev  0x00000000000047b3      0x24a output\dee_page.o
 .debug_abbrev  0x00000000000049fd      0x250 output\dee.o
 .debug_abbrev  0x0000000000004c4d       0x47 output\randomValue.o
 .debug_abbrev  0x0000000000004c94      0x123 output\noinitram.o
 .debug_abbrev  0x0000000000004db7      0x20d output\spi_sw.o
 .debug_abbrev  0x0000000000004fc4       0x28 c:/program files/microchip/xc32/v4.20/bin/bin/../../lib/gcc/pic32mx/8.3.1/../../../../pic32mx/lib\libmchp_peripheral_32MX440F256H.a(int_enable_interrupts_lib.o)
 .debug_abbrev  0x0000000000004fec       0x28 c:/program files/microchip/xc32/v4.20/bin/bin/../../lib/gcc/pic32mx/8.3.1/../../../../pic32mx/lib\libmchp_peripheral_32MX440F256H.a(int_enable_mv_int_lib.o)
 .debug_abbrev  0x0000000000005014       0x31 c:/program files/microchip/xc32/v4.20/bin/bin/../../lib/gcc/pic32mx/8.3.1/../../../../pic32mx/lib\libpic32.a(default-bootstrap-exception-handler.o)
 .debug_abbrev  0x0000000000005045       0x2e c:/program files/microchip/xc32/v4.20/bin/bin/../../lib/gcc/pic32mx/8.3.1/../../../../pic32mx/lib\libpic32.a(default-on-reset.o)
 .debug_abbrev  0x0000000000005073       0x2e c:/program files/microchip/xc32/v4.20/bin/bin/../../lib/gcc/pic32mx/8.3.1/../../../../pic32mx/lib\libpic32.a(default-on-bootstrap.o)
 .debug_abbrev  0x00000000000050a1       0x31 c:/program files/microchip/xc32/v4.20/bin/bin/../../lib/gcc/pic32mx/8.3.1/../../../../pic32mx/lib\libpic32.a(defaultinterrupt.o)
 .debug_abbrev  0x00000000000050d2      0x105 c:/program files/microchip/xc32/v4.20/bin/bin/../../lib/gcc/pic32mx/8.3.1/../../../../pic32mx/lib\libc-musl.a(isxdigit.o)
 .debug_abbrev  0x00000000000051d7       0xf1 c:/program files/microchip/xc32/v4.20/bin/bin/../../lib/gcc/pic32mx/8.3.1/../../../../pic32mx/lib\libc-musl.a(tolower.o)
 .debug_abbrev  0x00000000000052c8      0x43a c:/program files/microchip/xc32/v4.20/bin/bin/../../lib/gcc/pic32mx/8.3.1/../../../../pic32mx/lib\libc-musl.a(malloc.o)
 .debug_abbrev  0x0000000000005702       0xc4 c:/program files/microchip/xc32/v4.20/bin/bin/../../lib/gcc/pic32mx/8.3.1/../../../../pic32mx/lib\libc-musl.a(expand_heap.o)
 .debug_abbrev  0x00000000000057c6       0x9d c:/program files/microchip/xc32/v4.20/bin/bin/../../lib/gcc/pic32mx/8.3.1/../../../../pic32mx/lib\libc-musl.a(memmove.o)
 .debug_abbrev  0x0000000000005863       0xd4 c:/program files/microchip/xc32/v4.20/bin/bin/../../lib/gcc/pic32mx/8.3.1/../../../../pic32mx/lib\libc-musl.a(libc.o)
 .debug_abbrev  0x0000000000005937      0x121 c:/program files/microchip/xc32/v4.20/bin/bin/../../lib/gcc/pic32mx/8.3.1\libgcc.a(_lshrdi3.o)
 .debug_abbrev  0x0000000000005a58      0x121 c:/program files/microchip/xc32/v4.20/bin/bin/../../lib/gcc/pic32mx/8.3.1\libgcc.a(_ashldi3.o)
 .debug_abbrev  0x0000000000005b79       0x5e c:/program files/microchip/xc32/v4.20/bin/bin/../../lib/gcc/pic32mx/8.3.1/../../../../pic32mx/lib\libpic32.a(sbrk.o)

.debug_line     0x0000000000000000     0xddb4
 *(.debug_line)
 .debug_line    0x0000000000000000      0x409 output\tmr.o
 .debug_line    0x0000000000000409      0x3f5 output\mal.o
 .debug_line    0x00000000000007fe      0x268 output\ringBuffer.o
 .debug_line    0x0000000000000a66      0x32f output\sleep.o
 .debug_line    0x0000000000000d95      0x5bd output\eep_manager.o
 .debug_line    0x0000000000001352      0x30a output\usb.o
 .debug_line    0x000000000000165c       0xda output\usb_descriptors.o
 .debug_line    0x0000000000001736      0xd13 output\usb_device.o
 .debug_line    0x0000000000002449      0x199 output\usb_function_hid.o
 .debug_line    0x00000000000025e2      0x1b7 output\exceptions.o
 .debug_line    0x0000000000002799      0x2b3 output\isr.o
 .debug_line    0x0000000000002a4c      0x375 output\vs1053.o
 .debug_line    0x0000000000002dc1     0x1acb output\ff.o
 .debug_line    0x000000000000488c      0x1ba output\mmc_multiplexer.o
 .debug_line    0x0000000000004a46      0x164 output\fatfs.o
 .debug_line    0x0000000000004baa      0x12d output\fatrtc.o
 .debug_line    0x0000000000004cd7      0x343 output\mp3.o
 .debug_line    0x000000000000501a      0x388 output\tokenize.o
 .debug_line    0x00000000000053a2      0x4e0 output\bitstream.o
 .debug_line    0x0000000000005882      0x147 output\buffers.o
 .debug_line    0x00000000000059c9      0x563 output\dct32.o
 .debug_line    0x0000000000005f2c      0x23f output\dequant.o
 .debug_line    0x000000000000616b      0x3d4 output\dqchan.o
 .debug_line    0x000000000000653f      0x683 output\huffman.o
 .debug_line    0x0000000000006bc2       0x7e output\hufftabs.o
 .debug_line    0x0000000000006c40      0xc66 output\imdct.o
 .debug_line    0x00000000000078a6      0x420 output\mp3dec.o
 .debug_line    0x0000000000007cc6       0x81 output\mp3tabs.o
 .debug_line    0x0000000000007d47      0x2cb output\polyphase.o
 .debug_line    0x0000000000008012      0x4b2 output\scalfact.o
 .debug_line    0x00000000000084c4      0x52d output\stproc.o
 .debug_line    0x00000000000089f1      0x153 output\subband.o
 .debug_line    0x0000000000008b44       0x7e output\trigtabs.o
 .debug_line    0x0000000000008bc2      0x1cc output\main.o
 .debug_line    0x0000000000008d8e      0x177 output\io.o
 .debug_line    0x0000000000008f05       0xee output\c_eep_manager.o
 .debug_line    0x0000000000008ff3      0x584 output\app.o
 .debug_line    0x0000000000009577      0x19a output\ad.o
 .debug_line    0x0000000000009711      0x21d output\mmc_sdcard_microchip.o
 .debug_line    0x000000000000992e      0xa50 output\SD-SPI.o
 .debug_line    0x000000000000a37e      0x9f2 output\usb_function_msd.o
 .debug_line    0x000000000000ad70      0x1d3 output\eep_manager_crc.o
 .debug_line    0x000000000000af43       0x95 output\bootloader_interface.o
 .debug_line    0x000000000000afd8      0x1f4 output\eeprom.o
 .debug_line    0x000000000000b1cc      0x221 output\dee_page_helper.o
 .debug_line    0x000000000000b3ed      0x2bd output\dee_page.o
 .debug_line    0x000000000000b6aa      0x87a output\dee.o
 .debug_line    0x000000000000bf24       0x4c output\randomValue.o
 .debug_line    0x000000000000bf70      0x18b output\noinitram.o
 .debug_line    0x000000000000c0fb      0x323 output\spi_sw.o
 .debug_line    0x000000000000c41e       0x6f c:/program files/microchip/xc32/v4.20/bin/bin/../../lib/gcc/pic32mx/8.3.1/../../../../pic32mx/lib\libmchp_peripheral_32MX440F256H.a(int_enable_interrupts_lib.o)
 .debug_line    0x000000000000c48d       0x6b c:/program files/microchip/xc32/v4.20/bin/bin/../../lib/gcc/pic32mx/8.3.1/../../../../pic32mx/lib\libmchp_peripheral_32MX440F256H.a(int_enable_mv_int_lib.o)
 .debug_line    0x000000000000c4f8       0xca c:/program files/microchip/xc32/v4.20/bin/bin/../../lib/gcc/pic32mx/8.3.1/../../../../pic32mx/lib\libpic32.a(default-bootstrap-exception-handler.o)
 .debug_line    0x000000000000c5c2       0xa6 c:/program files/microchip/xc32/v4.20/bin/bin/../../lib/gcc/pic32mx/8.3.1/../../../../pic32mx/lib\libpic32.a(default-on-reset.o)
 .debug_line    0x000000000000c668       0xaa c:/program files/microchip/xc32/v4.20/bin/bin/../../lib/gcc/pic32mx/8.3.1/../../../../pic32mx/lib\libpic32.a(default-on-bootstrap.o)
 .debug_line    0x000000000000c712       0xc9 c:/program files/microchip/xc32/v4.20/bin/bin/../../lib/gcc/pic32mx/8.3.1/../../../../pic32mx/lib\libpic32.a(defaultinterrupt.o)
 .debug_line    0x000000000000c7db      0x1bd c:/program files/microchip/xc32/v4.20/bin/bin/../../lib/gcc/pic32mx/8.3.1/../../../../pic32mx/lib\libc-musl.a(isxdigit.o)
 .debug_line    0x000000000000c998      0x1bb c:/program files/microchip/xc32/v4.20/bin/bin/../../lib/gcc/pic32mx/8.3.1/../../../../pic32mx/lib\libc-musl.a(tolower.o)
 .debug_line    0x000000000000cb53      0xb43 c:/program files/microchip/xc32/v4.20/bin/bin/../../lib/gcc/pic32mx/8.3.1/../../../../pic32mx/lib\libc-musl.a(malloc.o)
 .debug_line    0x000000000000d696      0x145 c:/program files/microchip/xc32/v4.20/bin/bin/../../lib/gcc/pic32mx/8.3.1/../../../../pic32mx/lib\libc-musl.a(expand_heap.o)
 .debug_line    0x000000000000d7db      0x154 c:/program files/microchip/xc32/v4.20/bin/bin/../../lib/gcc/pic32mx/8.3.1/../../../../pic32mx/lib\libc-musl.a(memmove.o)
 .debug_line    0x000000000000d92f      0x10c c:/program files/microchip/xc32/v4.20/bin/bin/../../lib/gcc/pic32mx/8.3.1/../../../../pic32mx/lib\libc-musl.a(libc.o)
 .debug_line    0x000000000000da3b       0xe4 c:/program files/microchip/xc32/v4.20/bin/bin/../../lib/gcc/pic32mx/8.3.1\libgcc.a(_lshrdi3.o)
 .debug_line    0x000000000000db1f       0xe5 c:/program files/microchip/xc32/v4.20/bin/bin/../../lib/gcc/pic32mx/8.3.1\libgcc.a(_ashldi3.o)
 .debug_line    0x000000000000dc04      0x1b0 c:/program files/microchip/xc32/v4.20/bin/bin/../../lib/gcc/pic32mx/8.3.1/../../../../pic32mx/lib\libpic32.a(sbrk.o)
 .debug_line    0x000000000000ddb4        0x0 c:/program files/microchip/xc32/v4.20/bin/bin/../../lib/gcc/pic32mx/8.3.1/../../../../pic32mx/lib\libpic32.a(errno.o)

.debug_frame    0x0000000000000000     0x43ec
 *(.debug_frame)
 .debug_frame   0x0000000000000000      0x244 output\tmr.o
 .debug_frame   0x0000000000000244      0x24c output\mal.o
 .debug_frame   0x0000000000000490      0x11c output\ringBuffer.o
 .debug_frame   0x00000000000005ac      0x224 output\sleep.o
 .debug_frame   0x00000000000007d0      0x26c output\eep_manager.o
 .debug_frame   0x0000000000000a3c      0x1ec output\usb.o
 .debug_frame   0x0000000000000c28      0x3ac output\usb_device.o
 .debug_frame   0x0000000000000fd4       0x34 output\usb_function_hid.o
 .debug_frame   0x0000000000001008       0xb4 output\exceptions.o
 .debug_frame   0x00000000000010bc      0x538 output\isr.o
 .debug_frame   0x00000000000015f4      0x1a8 output\vs1053.o
 .debug_frame   0x000000000000179c      0x698 output\ff.o
 .debug_frame   0x0000000000001e34       0xe8 output\mmc_multiplexer.o
 .debug_frame   0x0000000000001f1c       0xc0 output\fatfs.o
 .debug_frame   0x0000000000001fdc       0x54 output\fatrtc.o
 .debug_frame   0x0000000000002030      0x120 output\mp3.o
 .debug_frame   0x0000000000002150      0x194 output\tokenize.o
 .debug_frame   0x00000000000022e4      0x100 output\bitstream.o
 .debug_frame   0x00000000000023e4       0x78 output\buffers.o
 .debug_frame   0x000000000000245c       0x54 output\dct32.o
 .debug_frame   0x00000000000024b0       0x54 output\dequant.o
 .debug_frame   0x0000000000002504       0x98 output\dqchan.o
 .debug_frame   0x000000000000259c       0x7c output\huffman.o
 .debug_frame   0x0000000000002618      0x1c4 output\imdct.o
 .debug_frame   0x00000000000027dc      0x12c output\mp3dec.o
 .debug_frame   0x0000000000002908       0xc0 output\polyphase.o
 .debug_frame   0x00000000000029c8       0x7c output\scalfact.o
 .debug_frame   0x0000000000002a44       0xbc output\stproc.o
 .debug_frame   0x0000000000002b00       0x34 output\subband.o
 .debug_frame   0x0000000000002b34      0x118 output\main.o
 .debug_frame   0x0000000000002c4c       0xf0 output\io.o
 .debug_frame   0x0000000000002d3c      0x160 output\app.o
 .debug_frame   0x0000000000002e9c       0x90 output\ad.o
 .debug_frame   0x0000000000002f2c      0x104 output\mmc_sdcard_microchip.o
 .debug_frame   0x0000000000003030      0x320 output\SD-SPI.o
 .debug_frame   0x0000000000003350      0x1bc output\usb_function_msd.o
 .debug_frame   0x000000000000350c       0xb0 output\eep_manager_crc.o
 .debug_frame   0x00000000000035bc       0x94 output\bootloader_interface.o
 .debug_frame   0x0000000000003650      0x190 output\eeprom.o
 .debug_frame   0x00000000000037e0      0x104 output\dee_page_helper.o